1768582223	. 1 „É´   DEDULCNI
1768582224	Áî® TNI   Á©ç X
1768582224	  ) \ , [
1768582224	\ „Å´ { YTIVITALER COMMUTAVIE
1768582225	NU }   { Âäõ
1768582225	.   OF LAREPSA }
1768582225	^   ] „Åó {
1768582226	X Êßò Áµê (  
1768582226	„Çå {   YTIRALUGNIS H
1768582226	NIS „Éº , $ „Å©
1768582226	„Çã MU ROF „Çí 2
1768582227	  „ÅÑ     =
1768582227	„Çè _ } ) ÅÄ„
1768582227	$       X
1768582228	  THAT H   PI
1768582228	2 \   } 6
1768582228	„Å£ ÂæÆ   \ }
1768582229	THIS ßÅ„ $ _ \
1768582229	^ F „Çã „É© Áæ§
1768582229	  $ END =  
1768582229	  OF   „Ç° ÊÄß
1768582230	  „Éà   = Âäõ
1768582230	X OF } BELONG  
1768582230	{ INTEGRAL ( THIS ÆÅ„
1768582231	F = „Åó „Çã  
1768582231	„ÅÆ ÂæÆ ^ )  
1768582231	AND   „ÅÆ {  
1768582232	2     $ SYSTEM
1768582232	èáÈ ,   N  
1768582232	DEF CONG NEPO )  
1768582232	    + \ )
1768582233	„Åì $ { { $
1768582233	AEDI   )   áñÊ
1768582233	  DATE PRODUCT „Å¶ Á©∫
1768582234	(   ^   0
1768582234	  }     FGM
1768582234	„ÅØ _ INT THIS =
1768582235	      Á®ã POWER
1768582235	åÅ„   \ - LOG
1768582235	  ®Å„ _ F  
1768582235	^   $ [ \
1768582236	=     }  
1768582236	DX „Å£ |   LERKCATS
1768582236	„ÄÇ $ Èáè +  
1768582237	GEOMETRY „Çã ASSEMBLY   „Çπ
1768582237	  ÂÖÉ   ÁöÑ  
1768582237	Â§â èÉÂ Â§ö   NIS
1768582238	= { YGOLOMOH $ \
1768582238	' =   XP  
1768582238	„Åã } , ( ®Å„
1768582238	$ ^ „Éà    
1768582239	^ MINUS      
1768582239	FOR ΩÉË E    
1768582239	LOG SPECTURAM IP \ ÂÖ¨
1768582240	  $ { TNI AND
1768582240	(        
1768582240	„ÅÑ   CONSTRUCTED Êó•  
1768582241	  NABLA { „É´ DNA
1768582241	ÊÄß „Å®   „É© ìΩ‰
1768582241	  DATABASE   „Ç± 6
1768582241	V DX PATTERN   „Å®
1768582242	X INNER çáÈ M NABLA
1768582242	N +   MU Êßò
1768582242	(   EQUATION OTIMES )
1768582243	OVER (     {
1768582243	RIGHT „Çπ (   PORT
1768582243	Âü∫ ∑èÂ   \ WITH
1768582244	( STRUCTURE   = {
1768582244	  KX   \ \
1768582244	  „Éç NABLA    
1768582244	\ INT   OVER SQRT
1768582245	} \ \    
1768582245	  } „Éí $ \
1768582245	$ $ _ OVER OVER
1768582246	D )   _ ‰∏Ä
1768582246	UNVIERSE = „Çä ) )
1768582246	E I „ÄÅ 2 ÇÄ„
1768582247	= \ ) { FOR
1768582247	      \ „Éõ
1768582247	  „Å®   } \
1768582247	$ „ÅÆ HOWEVER BEGIN {
1768582248	^ \ ^    
1768582248	  „Å¶ „ÄÇ   F
1768582248	    $ MU -
1768582249	- „Çã \    
1768582249	„Çâ \ ßÅ„ \ „Çπ
1768582249	\ T IN ∞ïÊ LE
1768582250	OVER {   CH 1
1768582250	_   \ \  
1768582250	_ ^ NOITCNUF   _
1768582250	  SEIFERT ºÉ„ I ÊåÅ
1768582251	Âäõ   Â§ö ÁêÜ INT
1768582251	=   ESTIMATE   „Åô
1768582251	G REHTO COS    
1768582252	TO { Ôºí   Êñπ
1768582252	\ } Âπ≥ \  
1768582252	  Èñ¢   I SPHERE
1768582253	(   F DARKMATTER $
1768582253	Ëß£ $ { OVER $
1768582253	  THE \    
1768582253	$ øÇ„ = } „ÄÅ
1768582254	  Êßò NOITCNUF THIS {
1768582254	  ´Å„   Èáë }
1768582254	2     COS  
1768582255	= $ O ) „Éº
1768582255	IN 2 GRADIENT    
1768582255	, F BEING - „Åô
1768582256	SUM     }  
1768582256	    WEAK OF ,
1768582256	  DIFFERENT   RESOLVED 0
1768582256	  CONCLUTION AND X (
1768582257	OF „Çã {    
1768582257	{   ( DELTA .
1768582257	=   _   GROUP
1768582258	ALSO M   Âèå  
1768582258	X 2 X [ PI
1768582258	, AYA   BEGIN  
1768582259	$   { EXPLAIN  
1768582259	) T „Éà F {
1768582259	{ Ê¨° „Å® } \
1768582259	= SPACE PMATRIX {  
1768582260	„Åì „ÅØ }   NABLA
1768582260	2 _     )
1768582260	ÅÄ„ \   .  
1768582261	THIS     N .
1768582261	LOG PSI $ „Åó ,
1768582261	D   ®Å„ CH „ÅÆ
1768582262	Âüü     <  
1768582262	^   , _  
1768582262	  THEOREM Êòé ÂÅè ‰ª£
1768582262	„Åì   DF    
1768582263	OF   OF ,  
1768582263	„ÅÆ { = X F
1768582263	TO \ NORM „Éà „Åô
1768582264	NUMBER X R R  
1768582264	„ÅÇ OVER $   „Éé
1768582264	S   Y „Åô „ÅÑ
1768582265	$   E óÅ„ „ÅÇ
1768582265	ÂàÜ   OVER } X
1768582265	SENSIBILITY I + \ F
1768582265	„Çã        
1768582266	  NOISNEM „Ç± - Â≠ê
1768582266	  \ ïÅ„ SQUARE  
1768582266	$ PHI „ÇØ ^  
1768582267	„Çã   \ Y \
1768582267	R NI ÂÜç „Åó +
1768582267	    \ $ \
1768582268	LIM \   T „Å®
1768582268	  = NON OVER TO
1768582268	„ÅÑ ) ^   ALBAN
1768582269	    \ „Éº „Å¶
1768582269	OVER   C   EXPAND
1768582269	    | „ÄÅ M
1768582269	  ] OVER F MU
1768582270	^   „ÅÆ INT CAP
1768582270	Êõ≤ , FO „ÅÆ  
1768582270	) INT \ LOG  
1768582271	^ MU OF   \
1768582271	    ÉÉ„ | {
1768582271	OF   H $  
1768582272	≥É„ } \ & „Åå
1768582272	  G ATEZ F Êßò
1768582272	„É™ Á©∫ RIGHT \ _
1768582272	{ 5SDA „Å¶    
1768582273	OVER = T _ ®Å„
1768582273	TIME   BLACKHOLE    
1768582273	    \ „Çå MATHCAL
1768582274	„Çã „Å® \ PROJECTION 1
1768582274	1R EQUATION „ÅÆ $ N
1768582274	  $     „Åã
1768582275	  REASON Ë´ñ N \
1768582275	IN HTIW   } \
1768582275	ÂØæ \ „Éº =  
1768582275	\ IN \ Âùá Êßò
1768582276	„ÄÅ     ALCALI  
1768582276	  „ÄÅ ÆæÂ ^  
1768582276	F DT ) Ê¨° ,
1768582277	„ÄÅ DATA CONSTRUCT   $
1768582277	. CDOT „Éû { GNIMOCNI
1768582277	LACHTAM   V SGNIHTYREVE „ÅÆ
1768582278	R TO     SQRT
1768582278	$ $ GAMMA ^  
1768582278	- PARTIAL K M „É£
1768582278	INT „Çí „Éº _  
1768582279	HAT UFO { . \
1768582279	Â∞è óÅ„     NABLA
1768582279	ÂÖÉ {   „Åã  
1768582280	KLEIN [ X „Å∏ „É´
1768582280	T   X \  
1768582280	ARE     ^  
1768582281	INDICATE OVER \ - {
1768582281	FD ( OVER \ 1
1768582281	      „É≥ ^
1768582281	QUARKS ÅÄ„     TNI
1768582282	  FO   { „Éá
1768582282	\ OF   OVER SPECTRUM
1768582282	  XF ) } ÊÖå
1768582283	„ÅÇ ) { X (
1768582283	ÊÄß   } OF }
1768582283	    (   „Åü
1768582284	3 } ALGEBRA ( IN
1768582284	Êï∞ 0 \ _ SECTION
1768582284	OVER „ÄÅ GAMMA    
1768582284	] } „Éº   ,
1768582285	  F = ¶≠Â  
1768582285	$ GAMMA ^ äÇ„  
1768582285	„Çå   GAUSS TUPLESPACE [
1768582286	ÜêÁ   Ëûç    
1768582286	(     ÑÅ„  
1768582286	    - ENICIDEM 1
1768582287	  { ®ÉÈ ( „Çä
1768582287	„ÅØ CONTINUED BETA 2  
1768582287	„Çã ESABATAD   „Éõ ZETA
1768582287	DX SUMMATIVE ìΩ‰ } $
1768582288	\ MU $ END  
1768582288	\ Â§â DT UNIVERSE  
1768582288	    } - SUIBEM
1768582289	4I $     „ÅÆ
1768582289	F ÅÄ„ OSLA YGRENE  
1768582289	    2 2 „Å¶
1768582290	„Å£ ) òßÊ Êßò M
1768582290	BEGIN   .   INTEGRATE
1768582290	DIFFERENTIAL   TOGATHER   -
1768582290	Á®ã Âüü      
1768582291	ÂÖà „É≥ F   SYSTEM
1768582291	„Åì FINITE   . \
1768582291	ONE   , 2 3
1768582292	SIN „Éº   } SAH
1768582292	GOL X | { \
1768582292	)     D DIMENSION
1768582293	‰∫∫ . ÁÆó   THEORY
1768582293	HIGGS ETA     Ââ≤
1768582293	= NIGEB UN ®éÊ D
1768582293	C „Éü $   .
1768582294	    LOG „ÅÆ MU
1768582294	„É≥ „Çí EQUATION „Ç¶ OTHER
1768582294	  ìñÈ ^ ^ }
1768582295	EDULCNOC OF =   „ÄÅ
1768582295	$ TNI FROM „É™ =
1768582295	$ THIS   „Å™ Â§ß
1768582296	} KF } $ =
1768582296	} \ ìñÈ   ,
1768582296	  RETTAMKRAD EXP ,  
1768582296	    B WITH END
1768582297	{   WITH    
1768582297	{ H „É´ IS Ë±°
1768582297	„Åå TUPLESPACE R O  
1768582298	„É™ „Å§   +  
1768582298	  X _   DELTA
1768582298	{ LAITNEREFFID } „Çã  
1768582299	  } 1 WITH 2
1768582299	ÁêÜ (   INFINITE  
1768582299	(       \
1768582299	{   D {  
1768582300	„ÄÇ { ÂàÜ , _
1768582300	\ „Éº RESULTED   VALUE
1768582300	\ } ) ≥É„ ÂÆá
1768582301	- \ '   ÊÆä
1768582301	} INT L    
1768582301	+   $    
1768582302	    OF   }
1768582302	    ÆÅ„ NABLA \
1768582302	) INT   Êï∞ „Ç¢
1768582302	  =   \ )
1768582303	' $ Â§ö „Å®  
1768582303	{ 3 { „Éû OF
1768582303	    {    
1768582304	} (   { GEOMETRY
1768582304	FUNCTION „Å¶ DIMENSION SGGIH „Çå
1768582304	PARTIAL , }    
1768582305	„Çã { \   R
1768582305	„Çº   „Éº   \
1768582305	} \ XF X „Å´
1768582305	SELECTED ^ { BEGIN âÇ„
1768582306	ÂàÜ OVER ±Ç„ THETA (
1768582306	Áõ∏ „ÄÅ A EUQAITON X
1768582306	  P } METSYS Âá¶
1768582307	_ $ ÂàÜ   ALBAN
1768582307	| „Çã }   \
1768582307	$ „Å¶ = = -
1768582308	RIGHT   OVER WITH ,
1768582308	60 ÂØæ EQUATION { (
1768582308	TODC $ \ ( THETA
1768582308	NROHSTRAH DELTA   {  
1768582309	„Çµ MU „Çã GOL  
1768582309	    „ÄÇ \ „ÄÅ
1768582309	}     ]  
1768582310	  „Å® }   UN
1768582310	  / TIME    
1768582310	M   IS $ Á©ç
1768582311	\   ÑÅ„ „Åì ‰Ωì
1768582311	THGIE ,   „ÉØ [
1768582311	TO Êñ• _   VIRTUAL
1768582311	X MU \ , „ÇÆ
1768582312	  }   „Å™ EMERGE
1768582312	Êñπ \ G „Çπ $
1768582312	. $ } ßÅ„  
1768582313	3 „Å´ „Éº   Y
1768582313	ÑÅ„ „Åó   \  
1768582313	. { Âàó Á©ç „Åæ
1768582314	DVOL   \ BOSON DEFINE
1768582314	    .    
1768582314	' 0 FUCNTION Êßò Êòü
1768582314	Èñì   „Ç∞ EXSENTED \
1768582315	  QUOTE THETA „Åà =
1768582315	         
1768582315	8 Èáç      
1768582316	D „Å® _    
1768582316	  . + ãÇ„ }
1768582316	DIFF     N =
1768582317	O THIS ^ K OVER
1768582317	} MANY {   $
1768582317	INTEGRATE { M   „Å®
1768582317	  M „É° „ÅÆ _
1768582318	    PLANK - $
1768582318	^ Êï∞ X   SEMIT
1768582318	OVER .     SIGMA
1768582319	CERTAIN {     F
1768582319	  Êñá $ DM  
1768582319	= ) ( ^  
1768582320	THIS     \ )
1768582320	) =   EQUATION ÄäÊ
1768582320	    [ SHWALTSSHILD „Çà
1768582321	\ ( ) Ë´ñ  
1768582321	„Å® „Çπ „Çè   §ÄÂ
1768582321	  TO   $ -
1768582321	„ÄÅ { 1 OVER )
1768582322	- „ÅÆ   ] \
1768582322	\   + \ IS
1768582322	„Çâ   „Ç≥ TO K
1768582323	  DX ' F „ÅÆ
1768582323	  I ÁÇπ E OVER
1768582323	C   =   Y
1768582324	{ ,      
1768582324	„Ç§ \   INTEGRAL -
1768582324	} E „Å® Âü∫ AND
1768582324	  Â∞è \   }
1768582325	LC     ÂàÜ EQUATION
1768582325	  THIS . D $
1768582325	„Éñ     ÅÄ„ $
1768582326	N TD CONCEPT   \
1768582326	} { SAVED ÂæÆ  
1768582326	Â§ö   F   ELEMENT
1768582327	„Ç® F DEEP FOR UNIVERSE
1768582327	GAMMA THEMSELVES \ 6  
1768582327	OVER     }  
1768582327	PARTIAL „ÄÅ   éÉ„ =
1768582328	Âäõ { E   „Åè
1768582328	Âßã 2X   TO $
1768582328	OT   }    
1768582329	MANIFOLDS 6 FROM    
1768582329	} ÂÇæ Âåñ RELUE LEVEL
1768582329	HOMOLOGY $   \ $
1768582330	M   T   $
1768582330	ÈÅã   $ $ $
1768582330	„Ç§   ) LEFT ìñÈ
1768582330	    „ÅÆ „ÅÆ „Ç©
1768582331	] Âú®   Èáç X
1768582331	- ROUT „ÅÑ   _
1768582331	ORGANIC   } _ BETA
1768582332	{ $ - „Éº {
1768582332	( & SAVED ÂÆø  
1768582332	  \ „É© DX PARTICLE
1768582333	  ‰Ωï = „Çã (
1768582333	„Åì F UNIVERSE - TRQS
1768582333	  THIS   ^ (
1768582333	ASPECTIVE „ÅÆ   _  
1768582334	\ 2 _ ( SI
1768582334	E ^ } „Éõ G
1768582334	=   AQUIRE   }
1768582335	. {      
1768582335	FOR „Å™   $  
1768582335	INT     ^ PSI
1768582336	AND ROUT ) SYSTEM B
1768582336	PSI $ THIS   FIELDS
1768582336	Èáè (   ^ {
1768582336	2 = Âë® „ÅÜ _
1768582337	{   = 2 OVER
1768582337	\ \   „Éù APPLICATION
1768582337	ÁöÑ OVER ADAPT + PAIR
1768582338	  GEOMETRY OF óöÊ GAMMA
1768582338	GNOLEB YEK \   \
1768582338	ÅÇ„ „Å§ EXPIRE   MONONICITY
1768582339	  BLIDGE   { (
1768582339	„É≠ HTIW ( Ê©ü „É≥
1768582339	  CREATED OF \ )
1768582339	ÊÑõ X „Éº   \
1768582340	OVER   „Éô ^  
1768582340	„Çí , Ëá™ Áµê  
1768582340	MU -   1  
1768582341	\     RETRY 0
1768582341	  _ \ ) $
1768582341	ÂÆá     D „Çπ
1768582342	1 „Ç∑ $ { „Åå
1768582342	    „ÄÅ D F
1768582342	Â≠¶ \ üüÂ $  
1768582342	  „ÉÉ EQUATION OVER .
1768582343	} | DIV    
1768582343	( WITH DX ^  
1768582343	$ WITH „Éô   2
1768582344	  GLOBAL Âë® OF M
1768582344	GRAVITY   { ^ {
1768582344	ÁöÑ \ DNA   ÊôÇ
1768582345	= ( ÈõÜ WITH  
1768582345	    D \  
1768582345	ãÇ„ ÂàÜ ( \  
1768582345	^ OVER }   \
1768582346	Ë¢´ SURFACE KLASS „Å® $
1768582346	\   Ë¶Å   (
1768582346	      „Çì  
1768582347	\   Êï∞ =  
1768582347	ETA } = PX  
1768582347	öÄÈ       1
1768582348	„Çã „Å®   „Çø  
1768582348	{ : - NU {
1768582348	BUILT $ X „Éé ÂΩ¢
1768582348	F LOG DX „Å£ IS
1768582349	TNI   ZETA   WITH
1768582349	  \ ÂØæ OVER  
1768582349	¨Ç„ „Å¶ „Åå 4 NOITCNUF
1768582350	©§Â \ $ { }
1768582350	  \ F   FORMULAS
1768582350	-   LOG øÅ„  
1768582351	  \ CODE   DG
1768582351	íÉ„ „Å´ $ X EVAH
1768582351	\   PMATRIX Â§ß $
1768582351	  „Çí XD $ RESULTED
1768582352	íÇ„ „Å¶     OWT
1768582352	„ÄÅ „Å® ãÅ„ Âçò  
1768582352	  ìÅ„ MU    
1768582353	OVER „Çã   ^  
1768582353	ETC { P ùÉ„ „Åô
1768582353	WITH „Åã \ X }
1768582354	^   „Çí Ê¶Ç  
1768582354	„ÅÑ     (  
1768582354	}   Êßò X {
1768582354	NON     ÊÄß Âºè
1768582355	+   = 1 „ÅÆ
1768582355	    OF   \
1768582355	M     ] }
1768582356	MU FO BAN    
1768582356	NABLA I Y „É† $
1768582356	„É¨ æπÂ , 2 FROM
1768582356	\ { \ . X
1768582356	„Å¶ { „Éâ } „É≥
1768582357	„Ç∑       .
1768582357	MANIFOLD PARTIAL G ÆÅ„  
1768582357	] Ë´ñ \ X =
1768582357	G   ®Å„ OF IJ
1768582357	„Çä + \ END 2
1768582357	  _ N } THIS
1768582358	$ EMERGED   F =
1768582358	\ B   1 X
1768582358	^ } AND & \
1768582358	„Å´ „ÅÆ _ „Åì N
1768582358	  $   \   =
1768582358	Â∞è NU     NU MORF „Å¶
1768582358	  OVER   ^ .   EXISTS  
1768582359	$ $ \ \ IS LOG - „Åß  
1768582359	Ê∞ó F   } TAU F   $ Á¥† Ë°®
1768582359	( \ ÂæÆ $ Êàê   „Éº \ $ \ }
1768582359	    + ÊÖå   = Âºè R Âá∫ \   \
1768582359	LOG }   F { „Çâ   çØÊ MANIFOLD   DF
1768582359	^ =   F   \ $ ÂÆö SYSTEM  
1768582359	}   - $   .   THIS  
1768582360	  PI ,     M Áî®  
1768582360	{   NU „ÄÅ   CONCERNED „Åã
1768582360	Êàê MU ^ „Çí „ÅÆ {
1768582360	  „Çã   Èñ¢ {
1768582360	    INT  
1768582360	$ „Å® SEIFERT
1768582361	I „Åç
1768582361	F
1768582361	 
1768582361	 
1768582361	M
1768582361	 
1768582361	 
1768582361	Ê¨°
1768582361	 
1768582362	\
1768582362	 
1768582362	(
1768582362	\
1768582362	‰Ωì
1768582362	.
1768582362	 
1768582362	\
1768582362	 
1768582362	\
1768582362	DIFFERENTIAL
1768582362	 
1768582362	CONTINUED
1768582362	„Å®
QUIT
1768582377	ISP 1 { \ $
1768582378	0 \   DALANVERSIAN 2
1768582378	OVER GRAPHICX } ) $
1768582378	$ 2 \ . ERUTCIP
1768582378	    FORMULA X INT
1768582379	\ } ( 1  
1768582379	INT   ) ALEARLETTER LOG
1768582379	    { } $
1768582380	LOG NEWCOMMAND PICTURE VEE ]
1768582380	\ { NEWCOMMAND $ OVER
1768582380	PUT . EQUATION 5 (
1768582381	$   SIN \ )
1768582381	D   $ { {
1768582381	  } TNI X 90
1768582381	$ ERAUQS TOB 0 FUNCTION
1768582382	$ \ } ( {
1768582382	  TEXT 3 + DX
1768582382	. E HBAR   {
1768582383	  TO AND PI  
1768582383	X   0 LOG ,
1768582383	    , \ PICTURE
1768582384	\     \  
1768582384	OF % , { \
1768582384	    % $ =
1768582384	{   LOG { \
1768582385	END \   IY }
1768582385	%     E G
1768582385	{ \ D } ,
1768582386	$   { QUATO ,
1768582386	  \      
1768582386	JSARTICLE THIS TUP   1
1768582387	NUMBER   \ GLOBAL .
1768582387	DNE NUMBER } =  
1768582387	\ )   {  
1768582388	F $ \    
1768582388	$ $ FROM { END
1768582388	WITH FUNCTION   { \
1768582388	$ { OF } _
1768582389	WITH   = $ {
1768582389	\   ^ OF )
1768582389	PETS } PUT WITH  
1768582390	  \   } {
1768582390	5 NABLA   ALSO  
1768582390	] $ { REALITY WITH
1768582391	)   .   |
1768582391	\   = { WHITEWITHBLACKSQUARE
1768582391	  20 } DNE }
1768582391	) { } % \
1768582392	= ( SIHT \ {
1768582392	)   :   |
1768582392	        =
1768582393	\ PICTURE NABLA DX \
1768582393	} LABOLG ^ PUT IINT
1768582393	) } . . 13
1768582394	END       {
1768582394	  \ PI $ \
1768582394	0     } =
1768582394	{   \ EMERGED ARE
1768582395	E 1 ,   YPORTNE
1768582395	  E OVER \ ,
1768582395	\ SYSTEM {    
1768582396	$ \   PUT }
1768582396	=     I EGAKCAPESU
1768582396	    \   )
1768582397	PICTURE , { PI \
1768582397	{ \   $ (
1768582397	  WITH     TUP
1768582397	  ACCELARATE = } FUNCTION
1768582398	$ DEGREE     }
1768582398	^ 1 ]   0
1768582398	  {   DNE NEWCOMMAND
1768582399	\ SQRT \ DX $
1768582399	TEXTBULLET {   $ \
1768582399	^ [ MANIFOLD   X
1768582400	^ { $ XDX  
1768582400	FUNCTION }     }
1768582400	^       \
1768582400	$   { = PHANTOM
1768582401	$     {  
1768582401	]   0   SQUARE
1768582401	{ PI { 1 .
1768582402	XOBELACS 0 = }  
1768582402	  ESTIMATE \   DOCUMENT
1768582402	2 X HAT ( }
1768582403	X { OVER (  
1768582403	{ WITH WITH BETA {
1768582403	  , ,    
1768582403	  { PUT { STEP
1768582404	X \ \   PUT
1768582404	( { X OVER }
1768582404	,     DXDY E
1768582405	OF 1      
1768582405	\ ( \   ,
1768582405	OF } ^ \ $
1768582406	X = { ERUTCIP 4
1768582406	  (   OVER (
1768582406	      END X
1768582406	\   TNI \ ,
1768582407	  { \ SCALEBOX \
1768582407	    { X LOG
1768582407	THIS { EQUATION $ $
1768582408	  ^ \ $ ^
1768582408	  INTEGRAL ( H 2
1768582408	PI     , NABLA
1768582409	  ELEMENT ZETA INFTY \
1768582409	} WITH   CIRCLE \
1768582409	{ \   =  
1768582409	\ { WHITEWITHBODERCIRCLEVARINT ,  
1768582410	FUNCTION   } PSI REPRESENT
1768582410	  $ HAT    
1768582410	  WITH $   ^
1768582411	  MANIFOLD EQUATION I $
1768582411	WITH % $ $ \
1768582411	^ VEE { 1  
1768582412	\ 2 $ % Y
1768582412	  \ PICTURE AND  
1768582412	\ SIN   $ \
1768582412	  E X }  
1768582413	] MANIFOLD   X UNDER
1768582413	EQUAL   FROM \ COS
1768582413	  \ THIS { BEGIN
1768582414	END (   WITH (
1768582414	% [ CIRCLE NEWCOMMAND  
1768582414	}   _ ALSO \
1768582415	  REPRESENT      
1768582415	,     X 3
1768582415	1 ) \ SCALEBOX {
1768582415	{ \ 0   2
1768582416	= SQUARE      
1768582416	  ) PAI   INTO
1768582416	F OVER $   EQUATION
1768582417	THEREFORE E \ }  
1768582417	NATLAC METSYS \ I  
1768582417	} PUT COMMENT    
1768582418	. \ \ } \
1768582418	AND } \ TUP 15
1768582418	  PUT { 0  
1768582418	SYSTEM   { \ \
1768582419	= {   } \
1768582419	HTIW ) { $ 90
1768582419	  \   BEING NOITCNUF
1768582420	CHI =   D (
1768582420	,   % THIS 2
1768582420	} \ }    
1768582421	SIHT \ OPERATOR } }
1768582421	^ PUT \ IMAGINARY  
1768582421	{ \ FUNCTION } OF
1768582421	INT { ( OVER %
1768582422	$ .   } \
1768582422	$ F   $ 0
1768582422	} 0   { F
1768582423	13 INT PICTURE 2 0
1768582423	  NABLA ) } TUP
1768582423	    POSSIBILITY ) E
1768582424	$ PICTURE 0 \  
1768582424	45 IAP { PICTURE IMAGINARY
1768582424	\ . PHANTOM PU