 	.	 	 	 	 	 	uspeerrs	Hlteo	ni	pespoor	I	dGo	 	hiwt	 	elivn
 	 	 	 	uspeerrs	 	 	 	.	pespoor	hiwt	ni	dGo	I	Hlteo	elivn	 
pespoor	elivn	ni	 	 	.	 	 	 	Hlteo	 	dGo	 	I	hiwt	uspeerrs	 
pespoor	 	 	 	hiwt	ni	.	 	 	 	 	dGo	I	uspeerrs	 	Hlteo	elivn
hiwt	 	ni	 	uspeerrs	 	elivn	 	Hlteo	 	I	 	pespoor	 	dGo	.	 
 	 	dGo	.	uspeerrs	 	 	 	I	 	ni	hiwt	 	elivn	pespoor	Hlteo	 
 	ni	 	I	uspeerrs	Hlteo	elivn	.	 	pespoor	 	hiwt	 	 	dGo	 	 
ni	 	pespoor	 	hiwt	 	dGo	elivn	Hlteo	 	.	 	I	uspeerrs	 	 	 
 	 	 	 	hiwt	 	dGo	 	Hlteo	ni	 	elivn	uspeerrs	 	I	.	pespoor
ni	 	 	 	pespoor	I	 	 	.	 	 	 	hiwt	elivn	uspeerrs	Hlteo	dGo
 	ni	 	 	I	.	 	dGo	uspeerrs	elivn	 	hiwt	 	Hlteo	 	pespoor	 
hiwt	 	dGo	pespoor	 	 	.	elivn	 	 	uspeerrs	ni	 	I	 	Hlteo	 
elivn	 	ni	.	 	pespoor	 	 	 	dGo	hiwt	 	Hlteo	uspeerrs	 	 	I
 	 	 	uspeerrs	 	dGo	elivn	 	hiwt	 	.	 	I	Hlteo	 	pespoor	ni
 	hiwt	 	ni	 	elivn	 	I	 	dGo	 	 	uspeerrs	pespoor	 	Hlteo	.
hiwt	pespoor	 	elivn	 	 	 	 	dGo	.	 	uspeerrs	I	 	Hlteo	ni	 
 	uspeerrs	 	 	dGo	 	 	 	 	elivn	ni	pespoor	hiwt	.	I	Hlteo	 
.	 	 	 	ni	uspeerrs	dGo	I	 	 	pespoor	Hlteo	 	elivn	hiwt	 	 
hiwt	Hlteo	uspeerrs	 	 	pespoor	I	ni	 	.	 	elivn	 	 	 	dGo	 
ni	 	 	I	uspeerrs	 	.	 	hiwt	elivn	pespoor	 	Hlteo	 	 	dGo	 
 	 	ni	 	elivn	uspeerrs	.	 	I	 	 	pespoor	dGo	 	hiwt	Hlteo	 
I	hiwt	pespoor	 	Hlteo	 	 	uspeerrs	 	 	dGo	 	ni	 	.	 	elivn
ni	Hlteo	.	hiwt	 	pespoor	 	 	 	 	 	dGo	 	uspeerrs	elivn	I	 
I	 	 	 	 	.	pespoor	 	Hlteo	hiwt	dGo	 	 	ni	 	uspeerrs	elivn
 	elivn	Hlteo	 	 	 	 	ni	.	uspeerrs	 	 	dGo	I	pespoor	 	hiwt
elivn	dGo	ni	 	 	 	 	 	 	Hlteo	I	.	pespoor	uspeerrs	 	 	hiwt
$	解学、	f	$	 	nnidsiome	of	^	 	-	 	 	^	 	sslac	\	}	 	 	$	\	aer	x	ni
 	 	=	 	}	 	 	"	 	{	i	x	$	ounct	upc	G	-	 	=	+	G	{	 	 
 	グロホ	voer	 	着行き	etsyms	 	Cl	$	=	=	 	 	\	i	 	ocrerd	極の率	secldo	 	 	}	 	ot
 	+	}	_	単数を	2	 	 	log	H	a	reov	.	=	(	mass	e	i	}	場論の	uslopgbi	C	(	|
 	 	{	etrurtcus	usraqk	 	f	\	nrygee	 	[	 	attgeerin	den	itn	多分微	$	{	ufocnnti	 	\	nlaab	 	 
りまが	\	$	 	$	\	Thsi	of	olg	-	_	mu	whti	幾多が	wtih	 	 	 	}	^	$	$	roev	$
\	 	 	mu	 	{	qouniate	qrseau	in	$	$	 	$	\	r2	=	&	\	itno	 	\	x	 	 
{	 	型しと	$	{	,	 	fomarul	{	2	\	 	 	of	{	fro	 	fcuso	 	whti	rab	 	gol	$
|	eipdravet	{	(	 	^	,	}	ear	$	成り立	=	 	pmxrait	}	]	M	 	^	 	{	 	 	$
 	\	 	\	^	ij	(	anabl	]	(	_	L	$	-	{	f	ガンマ	\	}	\	2	]	 	/
)	N	alban	体を表	esrlut	 	 	_	|	 	め求ら	 	)	$	\	1	 	 	 	]	$	asocncent	 	 
-	\	 	 	 	}	\	 	{	\	tacere	 	^	 	}	of	いも思	 	}	トー	 	 	}	分幾微
 	}	^	tmao	alanb	(	\	 	 	vreo	^	tni	&	ytfin	amamG	tlDea	1	hwti	wHredara	 	}	ldorw	 	olups
$	=	 	 	)	i	子量コ	 	と負自	 	 	)	ednducli	 	_	nit	{	soniemind	,	(	ogl	{	$	 
景、気	\	て述べ	 	 	+	}	gitrh	sele	dvlo	msu	{	 	tevcro	ehesT	{	\	dna	}	f	of	2	y	 
-	$	}	r	$	+	si	であり	t	^	2	,	式算推	v	-	R	|	nti	 	1	cuoctrstn	 	 	 
}	didiedc	 	and	\	y	{	}	 	log	otni	\	veweorH	 	{	esacnimhm	 	(	 	^	\	x	ランダ	si
of	の曲平	C	 	.	_	i	nti	 	重反の	^	otdc	of	}	]	\	パード	でほし	blaan	>	{	orve	ーォマ	qniaueto
,	 	\	lsvaue	}	e	revo	 	}	 	tirapla	8	 	 	 	$	iPs	-	over	,	:	\	vore	loopiarcghhp
]	 	tneotp	$	(	 	y	量子の	 	1	 	xd	\	 	}	vero	}	pf	$	 	porgu	\	eJnso	{
 	\	 	 	 	\	d	}	)	}	なはの	,	 	ってい	り成で	 	\	 	,	様体	 	otsmie	 	ラのス
 	_	)	 	ni	|	 	itn	imet	no	のて	 	 	 	\	aertpnisi	 	6	\	tiralob	O	\	 	、双論
lrtiFys	 	 	fo	O	^	 	f	nda	$	nispect	nraeb	}	ferroeeth	 	nde	y	\	 	\	,	 	 	mxtpira
 	fd	 	x	(	\	ned	 	 	[	 	}	 	{	 	 	=	 	 	fsdiel	2	veell	2	.
I	 	adn	E	crteov	2	 	 	{	=	\	A	/	いるて	 	eM	}	てくし	f	\	ettx	eamlt	msu	 
rnom	 	 	ッ・シ	xd	 	edn	_	 	d	\	 	 	 	$	x	{	a	}	 	型にさ	^	,	 
1	bugpolis	 	 	 	09	&	=	\	h	\	 	}	x	\	いうど	\	nu	xd	t	 	 	xd	 
 	\	2	f	{	z	E	\	rba	 	$	=	+	 	地合流	大域的	 	$	\	 	_	宙と宇	ebmnur	的体微
 	F	\	}	 	 	 	群本基	d	6	}	 	域大的	 	$	 	}	2	ge	 	 	and	)	 
機能理	-	)	A	-	 	 	1	msu	(	 	、が	(	1	nbaal	 	lnaageug	\	^	$	i	)	m	 
lthig	 	 	 	)	\	積部分	-	of	{	 	.	 	=	-	-	{	^	_	 	-	 	dan	=
 	 	1	 	$	_	 	aaryr	 	 	 	W	}	 	 	ラクン	\	{	=	{	 	arpeoet	 	れくて
 	uot	elsfid	.	 	'	^	fetl	geinb	 	 	Tihs	$	(	dx	 	 	 	渡とす	gormetey	 	用作理	$	^
(	しいて	rheoeetrf	eotRpr	 	 	dRe	$	<	$	(	2	 	{	scueraf	elgbon	=	 	^	 	_	{	fo	 
idlsfe	ll	yb	 	{	ctsorcunt	(	_	estpsu	_	)	 	 	 	 	 	y	v	wroth	HN	i	$	群、複	2
gmaeO	eMreoorv	 	d	 	\	aeuzlK	\	of	rove	f	Beta	う。日	u	 	iwth	R	 	$	ammaG	\	{	{	)
3	dvpdeeleo	\	 	(	\	09	itwh	 	^	 	ロトポ	\	h	\	の動語	i	\	 	 	ouciftnn	}	 	 
 	 	 	vulea	to	aamgm	ned	^	.	nde	pi	edn	 	)	tgu	 	 	 	=	 	 	.	nad	 
_	vdlo	{	(	 	偏分微	\	tgrhi	eahtt	\	\	]	ornncce	 	\	 	\	、文字	HN	)	$	\	 	 
eorv	$	も勘違	報情ネ	 	\	toaeinuq	\	\	etaqdu	 	\	g	\	 	\	.	,	 	 	_	 	-	arxpimt
3	Cn	 	 	.	 	シルャ	)	}	x	\	.	erfuut	f	ablna	(	snCneo	npaoteitl	tccrteuonds	 	orf	\	'	\
 	 	\	)	-	dx	Gamam	of	$	x	{	y	'	=	{	tadel	観ら測	ithw	,	 	想は瞑	tmha	\	is
biegn	}	eilatuvqen	lsauppctee	{	を考え	 	 	sesrpeon	 	}	haett	ikaaMas	,	星命運	of	$	revo	}	１月０	iccr	$	2	teDla
 	 	 	pis	{	)	 	 	}	mthaseeropa	k	tdgianre	un	un	実が際	m	.	 	esTeh	るラプ	 	 	beign	bgnie
 	int	+	ovre	}	recetn	 	 	 	$	neiouatq	(	 	 	 	Actor	 	'	星、金	]	.	 	 	 
 	(	}	and	fo	ttaeh	 	 	\	loda	 	:	所発電	 	 	nu	trihg	(	て、し	\	て、	nmlatier	aegtnteri	d
 	$	_	x	\	=	。	シアカ	0	 	 	2	,	\	{	uetscrutr	 	rvoe	 	1	isn	 	 	qtuoe
_	\	 	glneetsht	}	 	e	)	 	 	oedisminn	griht	]	 	\	 	to	 	}	 	分積部	nimdeoisn	{	汐潮、
 	}	-	のう使	 	(	=	si	{	oqtueian	fo	\	S	 	$	=	 	evor	P	rcci	\	にみな	dx	 
V	tynfi	{	1	nu	 	{	 	d	olg	:	<	 	 	 	buospigl	pitrxam	1	aLabmd	 	$	lgo	 	n
fo	{	{	zaet	$	\	bmnuer	x	 	 	whti	^	$	tPielrac	0	,	}	.	,	 	てもい	ovre	 	 
-	周が期	syerioorpt	 	$	 	 	$	$	抽理象	 	 	1	 	 	}	,	seteh	\	 	 	rdune	f	 
tnranigin	_	_	 	 	onasre	1	{	シ先ャ	nuficotn	a	-	ntseeedx	&	\	 	tiwh	ni	^	イてポ	\	 	\	)
 	tiwohut	-	$	 	{	,	{	$	,	[	fo	-	$	\	pca	cpa	(	|	{	2	 	-	|
F	rove	 	x	 	 	 	 	 	 	xf	 	_	 	 	{	x	rusoec	$	 	]	 	dx	^
 	$	 	oetiqaun	^	 	)	 	soc	d	全ス完	aepscpulte	2	-	pi	E	iWle	x	 	R	、と手	:	}	 
 	)	\	\	 	}	iThs	(	.	 	 	\	式は	f	$	CH	 	 	papak	。	 	}	\	るいて
-	 	ifrst	in	(	}	てっ庇	 	ip	法で、	 	(	 	るベ。	cgon	\	nu	to	mn	 	e	 	eirlnffaDtie	niammehcs
 	タ関ー	^	 	int	\	xd	{	 	itn	}	 	tihs	、る	hcpsysi	\	fo	lueaq	|	^	 	 	 	=
d	 	e	 	_	ephas	)	f	{	(	,	b	iaetunqo	 	}	 	$	siht	,	$	un	gol	}	npdlaaxee
all	$	{	lanatC	 	$	ip	とてし	n	{	,	 	int	to	nu	 	 	 	}	logsupbi	 	 	otw	tin
inimeodsn	f	thiw	'	,	{	{	M	.	 	of	 	 	よどの	{	 	^	eovr	}	einisodmn	G	nit	 	,
{	ldomnfai	s	i	$	 	論理建	 	TNI	{	\	tsih	snitnlge	\	)	of	All	にも係	 	thiw	SAd	-	 	 
\	2	d	tiamrxV	 	 	 	52	tni	る。	 	ntrigs	is	(	=	 	$	yIngarmia	.	 	=	 	 	{
 	さん占	tni	rveo	 	,	^	 	nit	}	tin	年６の	x	}	 	 	(	 	 	{	orf	 	rveo	(
りまあ	たし。	に行く	度この	り参お	し申訳	のが、	 	変時が	大、は	でせん	、経ち
のが、	大、は	変時が	でせん	に行く	たし。	、経ち	 	度この	り参お	りまあ	し申訳
変時が	大、は	りまあ	に行く	たし。	でせん	 	、経ち	のが、	り参お	度この	し申訳
大、は	、経ち	りまあ	たし。	 	り参お	に行く	変時が	のが、	し申訳	でせん	度この
のが、	に行く	変時が	度この	り参お	りまあ	大、は	し申訳	 	でせん	、経ち	たし。
たし。	度この	でせん	 	変時が	し申訳	大、は	りまあ	、経ち	のが、	に行く	り参お
 	り参お	大、は	に行く	変時が	たし。	、経ち	でせん	のが、	度この	し申訳	りまあ
変時が	でせん	、経ち	のが、	度この	大、は	りまあ	り参お	たし。	し申訳	 	に行く
でせん	大、は	に行く	度この	変時が	 	し申訳	りまあ	り参お	、経ち	たし。	のが、
り参お	し申訳	変時が	たし。	大、は	のが、	 	りまあ	、経ち	に行く	でせん	度この
りまあ	に行く	たし。	度この	のが、	し申訳	でせん	大、は	り参お	、経ち	変時が	 
し申訳	変時が	たし。	、経ち	り参お	でせん	に行く	大、は	度この	 	のが、	りまあ
に行く	のが、	し申訳	度この	たし。	変時が	でせん	大、は	、経ち	 	り参お	りまあ
、経ち	に行く	大、は	し申訳	変時が	り参お	たし。	度この	のが、	でせん	りまあ	 
りまあ	に行く	変時が	し申訳	大、は	り参お	のが、	でせん	 	たし。	、経ち	度この
たし。	 	でせん	のが、	に行く	大、は	度この	、経ち	し申訳	変時が	り参お	りまあ
し申訳	り参お	でせん	、経ち	たし。	のが、	りまあ	変時が	に行く	大、は	度この	 
し申訳	たし。	でせん	、経ち	のが、	に行く	大、は	度この	りまあ	 	り参お	変時が
し申訳	のが、	大、は	でせん	変時が	 	度この	たし。	りまあ	、経ち	に行く	り参お
のが、	りまあ	でせん	度この	に行く	たし。	変時が	、経ち	 	し申訳	り参お	大、は
たし。	り参お	でせん	 	変時が	大、は	し申訳	のが、	、経ち	度この	りまあ	に行く
 	でせん	に行く	り参お	度この	変時が	たし。	のが、	、経ち	し申訳	りまあ	大、は
のが、	、経ち	りまあ	 	変時が	り参お	でせん	たし。	度この	し申訳	に行く	大、は
 	変時が	し申訳	り参お	のが、	たし。	大、は	、経ち	でせん	度この	に行く	りまあ
 	し申訳	りまあ	度この	大、は	のが、	に行く	、経ち	でせん	り参お	たし。	変時が
たし。	りまあ	でせん	大、は	変時が	、経ち	に行く	のが、	し申訳	り参お	度この	 
大、は	 	に行く	変時が	たし。	でせん	、経ち	し申訳	りまあ	り参お	のが、	度この
のが、	 	に行く	でせん	度この	り参お	変時が	大、は	、経ち	し申訳	りまあ	たし。
たし。	り参お	でせん	大、は	に行く	 	し申訳	りまあ	のが、	変時が	、経ち	度この
し申訳	度この	でせん	り参お	のが、	に行く	たし。	大、は	りまあ	変時が	、経ち	 
に行く	のが、	り参お	りまあ	でせん	たし。	変時が	大、は	 	度この	、経ち	し申訳
度この	のが、	大、は	たし。	、経ち	りまあ	に行く	し申訳	でせん	変時が	 	り参お
大、は	度この	、経ち	し申訳	 	り参お	変時が	たし。	でせん	のが、	りまあ	に行く
