This is e-pTeX, Version 3.14159265-p3.8.2-190908-2.6 (utf8.euc) (TeX Live 2019/Debian) (preloaded format=platex 2024.4.13)  8 AUG 2024 06:01
entering extended mode
 restricted \write18 enabled.
 %&-line parsing enabled.
**extracaffe.tex
(./extracaffe.tex
pLaTeX2e <2020-02-02>+2 (based on LaTeX2e <2020-02-02> patch level 2)
L3 programming layer <2020-02-14>
(/usr/share/texlive/texmf-dist/tex/platex/jsclasses/jsarticle.cls
Document Class: jsarticle 2020/02/02 jsclasses (okumura, texjporg)
\jsc@mpt=\dimen150
\jsc@mmm=\dimen151
\jsc@smallskipamount=\skip47
LaTeX Info: Redefining \textmc on input line 496.
LaTeX Info: Redefining \textgt on input line 498.
\symmincho=\mathgroup4
LaTeX Font Info:    Overwriting symbol font `mincho' in version `bold'
(Font)                  JY1/mc/m/n --> JY1/gt/m/n on input line 560.
LaTeX Font Info:    Font shape `JT1/mc/m/n' will be
(Font)              scaled to size 9.60999pt on input line 751.
LaTeX Font Info:    Font shape `JY1/mc/m/n' will be
(Font)              scaled to size 9.60999pt on input line 751.
\fullwidth=\dimen152
LaTeX Font Info:    Font shape `JT1/mc/m/n' will be
(Font)              scaled to size 7.68799pt on input line 904.
LaTeX Font Info:    Font shape `JY1/mc/m/n' will be
(Font)              scaled to size 7.68799pt on input line 904.
\c@part=\count166
\c@section=\count167
\c@subsection=\count168
\c@subsubsection=\count169
\c@paragraph=\count170
\c@subparagraph=\count171
\@abstractbox=\box61
\c@figure=\count172
\c@table=\count173
\abovecaptionskip=\skip48
\belowcaptionskip=\skip49
\jsc@tocl@width=\dimen153
\@lnumwidth=\dimen154
\bibindent=\dimen155
(/usr/share/texlive/texmf-dist/tex/platex/jsclasses/jslogo.sty
Package: jslogo 2019/07/25 okumura, texjporg
LaTeX Info: Redefining \TeX on input line 94.
LaTeX Info: Redefining \LaTeX on input line 147.
LaTeX Info: Redefining \LaTeXe on input line 200.
)
\heisei=\count174
)
(/usr/share/texlive/texmf-dist/tex/latex/graphics/graphicx.sty
Package: graphicx 2019/11/30 v1.2a Enhanced LaTeX Graphics (DPC,SPQR)

(/usr/share/texlive/texmf-dist/tex/latex/graphics/keyval.sty
Package: keyval 2014/10/28 v1.15 key=value parser (DPC)
\KV@toks@=\toks15
)
(/usr/share/texlive/texmf-dist/tex/latex/graphics/graphics.sty
Package: graphics 2019/11/30 v1.4a Standard LaTeX Graphics (DPC,SPQR)

(/usr/share/texlive/texmf-dist/tex/latex/graphics/trig.sty
Package: trig 2016/01/03 v1.10 sin cos tan (DPC)
)
(/usr/share/texlive/texmf-dist/tex/latex/graphics-cfg/graphics.cfg
File: graphics.cfg 2016/06/04 v1.11 sample graphics configuration
)
Package graphics Info: Driver file: dvipdfmx.def on input line 105.

(/usr/share/texlive/texmf-dist/tex/latex/graphics-def/dvipdfmx.def
File: dvipdfmx.def 2017/06/24 v5.0g Graphics/color driver for dvipdfmx
))
\Gin@req@height=\dimen156
\Gin@req@width=\dimen157
)
(/usr/share/texlive/texmf-dist/tex/generic/chemfig/chemfig.sty
(/usr/share/texlive/texmf-dist/tex/latex/pgf/frontendlayer/tikz.sty
(/usr/share/texlive/texmf-dist/tex/latex/pgf/basiclayer/pgf.sty
(/usr/share/texlive/texmf-dist/tex/latex/pgf/utilities/pgfrcs.sty
(/usr/share/texlive/texmf-dist/tex/generic/pgf/utilities/pgfutil-common.tex
\pgfutil@everybye=\toks16
\pgfutil@tempdima=\dimen158
\pgfutil@tempdimb=\dimen159

(/usr/share/texlive/texmf-dist/tex/generic/pgf/utilities/pgfutil-common-lists.t
ex)) (/usr/share/texlive/texmf-dist/tex/generic/pgf/utilities/pgfutil-latex.def
\pgfutil@abb=\box62
(/usr/share/texlive/texmf-dist/tex/latex/ms/everyshi.sty
Package: everyshi 2001/05/15 v3.00 EveryShipout Package (MS)
))
(/usr/share/texlive/texmf-dist/tex/generic/pgf/utilities/pgfrcs.code.tex
(/usr/share/texlive/texmf-dist/tex/generic/pgf/pgf.revision.tex)
Package: pgfrcs 2020/01/08 v3.1.5b (3.1.5b)
))
Package: pgf 2020/01/08 v3.1.5b (3.1.5b)

(/usr/share/texlive/texmf-dist/tex/latex/pgf/basiclayer/pgfcore.sty
(/usr/share/texlive/texmf-dist/tex/latex/pgf/systemlayer/pgfsys.sty
(/usr/share/texlive/texmf-dist/tex/generic/pgf/systemlayer/pgfsys.code.tex
Package: pgfsys 2020/01/08 v3.1.5b (3.1.5b)

(/usr/share/texlive/texmf-dist/tex/generic/pgf/utilities/pgfkeys.code.tex
\pgfkeys@pathtoks=\toks17
\pgfkeys@temptoks=\toks18

(/usr/share/texlive/texmf-dist/tex/generic/pgf/utilities/pgfkeysfiltered.code.t
ex
\pgfkeys@tmptoks=\toks19
))
\pgf@x=\dimen160
\pgf@y=\dimen161
\pgf@xa=\dimen162
\pgf@ya=\dimen163
\pgf@xb=\dimen164
\pgf@yb=\dimen165
\pgf@xc=\dimen166
\pgf@yc=\dimen167
\pgf@xd=\dimen168
\pgf@yd=\dimen169
\w@pgf@writea=\write3
\r@pgf@reada=\read2
\c@pgf@counta=\count175
\c@pgf@countb=\count176
\c@pgf@countc=\count177
\c@pgf@countd=\count178
\t@pgf@toka=\toks20
\t@pgf@tokb=\toks21
\t@pgf@tokc=\toks22
\pgf@sys@id@count=\count179
 (/usr/share/texlive/texmf-dist/tex/generic/pgf/systemlayer/pgf.cfg
File: pgf.cfg 2020/01/08 v3.1.5b (3.1.5b)
)
Driver file for pgf: pgfsys-dvipdfmx.def

(/usr/share/texlive/texmf-dist/tex/generic/pgf/systemlayer/pgfsys-dvipdfmx.def
File: pgfsys-dvipdfmx.def 2020/01/08 v3.1.5b (3.1.5b)

(/usr/share/texlive/texmf-dist/tex/generic/pgf/systemlayer/pgfsys-common-pdf.de
f
File: pgfsys-common-pdf.def 2020/01/08 v3.1.5b (3.1.5b)
)
\pgfsys@objnum=\count180
))
(/usr/share/texlive/texmf-dist/tex/generic/pgf/systemlayer/pgfsyssoftpath.code.
tex
File: pgfsyssoftpath.code.tex 2020/01/08 v3.1.5b (3.1.5b)
\pgfsyssoftpath@smallbuffer@items=\count181
\pgfsyssoftpath@bigbuffer@items=\count182
)
(/usr/share/texlive/texmf-dist/tex/generic/pgf/systemlayer/pgfsysprotocol.code.
tex
File: pgfsysprotocol.code.tex 2020/01/08 v3.1.5b (3.1.5b)
)) (/usr/share/texlive/texmf-dist/tex/latex/xcolor/xcolor.sty
Package: xcolor 2016/05/11 v2.12 LaTeX color extensions (UK)

(/usr/share/texlive/texmf-dist/tex/latex/graphics-cfg/color.cfg
File: color.cfg 2016/01/02 v1.6 sample color configuration
)
Package xcolor Info: Driver file: dvips.def on input line 225.

(/usr/share/texlive/texmf-dist/tex/latex/graphics-def/dvips.def
File: dvips.def 2017/06/20 v3.1d Graphics/color driver for dvips
)
Package xcolor Info: Model `cmy' substituted by `cmy0' on input line 1348.
Package xcolor Info: Model `RGB' extended on input line 1364.
Package xcolor Info: Model `HTML' substituted by `rgb' on input line 1366.
Package xcolor Info: Model `Hsb' substituted by `hsb' on input line 1367.
Package xcolor Info: Model `tHsb' substituted by `hsb' on input line 1368.
Package xcolor Info: Model `HSB' substituted by `hsb' on input line 1369.
Package xcolor Info: Model `Gray' substituted by `gray' on input line 1370.
Package xcolor Info: Model `wave' substituted by `hsb' on input line 1371.
)
(/usr/share/texlive/texmf-dist/tex/generic/pgf/basiclayer/pgfcore.code.tex
Package: pgfcore 2020/01/08 v3.1.5b (3.1.5b)

(/usr/share/texlive/texmf-dist/tex/generic/pgf/math/pgfmath.code.tex
(/usr/share/texlive/texmf-dist/tex/generic/pgf/math/pgfmathcalc.code.tex
(/usr/share/texlive/texmf-dist/tex/generic/pgf/math/pgfmathutil.code.tex)
(/usr/share/texlive/texmf-dist/tex/generic/pgf/math/pgfmathparser.code.tex
\pgfmath@dimen=\dimen170
\pgfmath@count=\count183
\pgfmath@box=\box63
\pgfmath@toks=\toks23
\pgfmath@stack@operand=\toks24
\pgfmath@stack@operation=\toks25
)
(/usr/share/texlive/texmf-dist/tex/generic/pgf/math/pgfmathfunctions.code.tex
(/usr/share/texlive/texmf-dist/tex/generic/pgf/math/pgfmathfunctions.basic.code
.tex)
(/usr/share/texlive/texmf-dist/tex/generic/pgf/math/pgfmathfunctions.trigonomet
ric.code.tex)
(/usr/share/texlive/texmf-dist/tex/generic/pgf/math/pgfmathfunctions.random.cod
e.tex)
(/usr/share/texlive/texmf-dist/tex/generic/pgf/math/pgfmathfunctions.comparison
.code.tex)
(/usr/share/texlive/texmf-dist/tex/generic/pgf/math/pgfmathfunctions.base.code.
tex)
(/usr/share/texlive/texmf-dist/tex/generic/pgf/math/pgfmathfunctions.round.code
.tex)
(/usr/share/texlive/texmf-dist/tex/generic/pgf/math/pgfmathfunctions.misc.code.
tex)
(/usr/share/texlive/texmf-dist/tex/generic/pgf/math/pgfmathfunctions.integerari
thmetics.code.tex)))
(/usr/share/texlive/texmf-dist/tex/generic/pgf/math/pgfmathfloat.code.tex
\c@pgfmathroundto@lastzeros=\count184
))
(/usr/share/texlive/texmf-dist/tex/generic/pgf/math/pgfint.code.tex)
(/usr/share/texlive/texmf-dist/tex/generic/pgf/basiclayer/pgfcorepoints.code.te
x
File: pgfcorepoints.code.tex 2020/01/08 v3.1.5b (3.1.5b)
\pgf@picminx=\dimen171
\pgf@picmaxx=\dimen172
\pgf@picminy=\dimen173
\pgf@picmaxy=\dimen174
\pgf@pathminx=\dimen175
\pgf@pathmaxx=\dimen176
\pgf@pathminy=\dimen177
\pgf@pathmaxy=\dimen178
\pgf@xx=\dimen179
\pgf@xy=\dimen180
\pgf@yx=\dimen181
\pgf@yy=\dimen182
\pgf@zx=\dimen183
\pgf@zy=\dimen184
)
(/usr/share/texlive/texmf-dist/tex/generic/pgf/basiclayer/pgfcorepathconstruct.
code.tex
File: pgfcorepathconstruct.code.tex 2020/01/08 v3.1.5b (3.1.5b)
\pgf@path@lastx=\dimen185
\pgf@path@lasty=\dimen186
)
(/usr/share/texlive/texmf-dist/tex/generic/pgf/basiclayer/pgfcorepathusage.code
.tex
File: pgfcorepathusage.code.tex 2020/01/08 v3.1.5b (3.1.5b)
\pgf@shorten@end@additional=\dimen187
\pgf@shorten@start@additional=\dimen188
)
(/usr/share/texlive/texmf-dist/tex/generic/pgf/basiclayer/pgfcorescopes.code.te
x
File: pgfcorescopes.code.tex 2020/01/08 v3.1.5b (3.1.5b)
\pgfpic=\box64
\pgf@hbox=\box65
\pgf@layerbox@main=\box66
\pgf@picture@serial@count=\count185
)
(/usr/share/texlive/texmf-dist/tex/generic/pgf/basiclayer/pgfcoregraphicstate.c
ode.tex
File: pgfcoregraphicstate.code.tex 2020/01/08 v3.1.5b (3.1.5b)
\pgflinewidth=\dimen189
)
(/usr/share/texlive/texmf-dist/tex/generic/pgf/basiclayer/pgfcoretransformation
s.code.tex
File: pgfcoretransformations.code.tex 2020/01/08 v3.1.5b (3.1.5b)
\pgf@pt@x=\dimen190
\pgf@pt@y=\dimen191
\pgf@pt@temp=\dimen192
)
(/usr/share/texlive/texmf-dist/tex/generic/pgf/basiclayer/pgfcorequick.code.tex
File: pgfcorequick.code.tex 2020/01/08 v3.1.5b (3.1.5b)
)
(/usr/share/texlive/texmf-dist/tex/generic/pgf/basiclayer/pgfcoreobjects.code.t
ex
File: pgfcoreobjects.code.tex 2020/01/08 v3.1.5b (3.1.5b)
)
(/usr/share/texlive/texmf-dist/tex/generic/pgf/basiclayer/pgfcorepathprocessing
.code.tex
File: pgfcorepathprocessing.code.tex 2020/01/08 v3.1.5b (3.1.5b)
)
(/usr/share/texlive/texmf-dist/tex/generic/pgf/basiclayer/pgfcorearrows.code.te
x
File: pgfcorearrows.code.tex 2020/01/08 v3.1.5b (3.1.5b)
\pgfarrowsep=\dimen193
)
(/usr/share/texlive/texmf-dist/tex/generic/pgf/basiclayer/pgfcoreshade.code.tex
File: pgfcoreshade.code.tex 2020/01/08 v3.1.5b (3.1.5b)
\pgf@max=\dimen194
\pgf@sys@shading@range@num=\count186
\pgf@shadingcount=\count187
)
(/usr/share/texlive/texmf-dist/tex/generic/pgf/basiclayer/pgfcoreimage.code.tex
File: pgfcoreimage.code.tex 2020/01/08 v3.1.5b (3.1.5b)

(/usr/share/texlive/texmf-dist/tex/generic/pgf/basiclayer/pgfcoreexternal.code.
tex
File: pgfcoreexternal.code.tex 2020/01/08 v3.1.5b (3.1.5b)
\pgfexternal@startupbox=\box67
))
(/usr/share/texlive/texmf-dist/tex/generic/pgf/basiclayer/pgfcorelayers.code.te
x
File: pgfcorelayers.code.tex 2020/01/08 v3.1.5b (3.1.5b)
)
(/usr/share/texlive/texmf-dist/tex/generic/pgf/basiclayer/pgfcoretransparency.c
ode.tex
File: pgfcoretransparency.code.tex 2020/01/08 v3.1.5b (3.1.5b)
)
(/usr/share/texlive/texmf-dist/tex/generic/pgf/basiclayer/pgfcorepatterns.code.
tex
File: pgfcorepatterns.code.tex 2020/01/08 v3.1.5b (3.1.5b)
)
(/usr/share/texlive/texmf-dist/tex/generic/pgf/basiclayer/pgfcorerdf.code.tex
File: pgfcorerdf.code.tex 2020/01/08 v3.1.5b (3.1.5b)
)))
(/usr/share/texlive/texmf-dist/tex/generic/pgf/modules/pgfmoduleshapes.code.tex
File: pgfmoduleshapes.code.tex 2020/01/08 v3.1.5b (3.1.5b)
\pgfnodeparttextbox=\box68
) (/usr/share/texlive/texmf-dist/tex/generic/pgf/modules/pgfmoduleplot.code.tex
File: pgfmoduleplot.code.tex 2020/01/08 v3.1.5b (3.1.5b)
)
(/usr/share/texlive/texmf-dist/tex/latex/pgf/compatibility/pgfcomp-version-0-65
.sty
Package: pgfcomp-version-0-65 2020/01/08 v3.1.5b (3.1.5b)
\pgf@nodesepstart=\dimen195
\pgf@nodesepend=\dimen196
)
(/usr/share/texlive/texmf-dist/tex/latex/pgf/compatibility/pgfcomp-version-1-18
.sty
Package: pgfcomp-version-1-18 2020/01/08 v3.1.5b (3.1.5b)
)) (/usr/share/texlive/texmf-dist/tex/latex/pgf/utilities/pgffor.sty
(/usr/share/texlive/texmf-dist/tex/latex/pgf/utilities/pgfkeys.sty
(/usr/share/texlive/texmf-dist/tex/generic/pgf/utilities/pgfkeys.code.tex))
(/usr/share/texlive/texmf-dist/tex/latex/pgf/math/pgfmath.sty
(/usr/share/texlive/texmf-dist/tex/generic/pgf/math/pgfmath.code.tex))
(/usr/share/texlive/texmf-dist/tex/generic/pgf/utilities/pgffor.code.tex
Package: pgffor 2020/01/08 v3.1.5b (3.1.5b)

(/usr/share/texlive/texmf-dist/tex/generic/pgf/math/pgfmath.code.tex)
\pgffor@iter=\dimen197
\pgffor@skip=\dimen198
\pgffor@stack=\toks26
\pgffor@toks=\toks27
))
(/usr/share/texlive/texmf-dist/tex/generic/pgf/frontendlayer/tikz/tikz.code.tex
Package: tikz 2020/01/08 v3.1.5b (3.1.5b)

(/usr/share/texlive/texmf-dist/tex/generic/pgf/libraries/pgflibraryplothandlers
.code.tex
File: pgflibraryplothandlers.code.tex 2020/01/08 v3.1.5b (3.1.5b)
\pgf@plot@mark@count=\count188
\pgfplotmarksize=\dimen199
)
\tikz@lastx=\dimen256
\tikz@lasty=\dimen257
\tikz@lastxsaved=\dimen258
\tikz@lastysaved=\dimen259
\tikz@lastmovetox=\dimen260
\tikz@lastmovetoy=\dimen261
\tikzleveldistance=\dimen262
\tikzsiblingdistance=\dimen263
\tikz@figbox=\box69
\tikz@figbox@bg=\box70
\tikz@tempbox=\box71
\tikz@tempbox@bg=\box72
\tikztreelevel=\count189
\tikznumberofchildren=\count190
\tikznumberofcurrentchild=\count191
\tikz@fig@count=\count192

(/usr/share/texlive/texmf-dist/tex/generic/pgf/modules/pgfmodulematrix.code.tex
File: pgfmodulematrix.code.tex 2020/01/08 v3.1.5b (3.1.5b)
\pgfmatrixcurrentrow=\count193
\pgfmatrixcurrentcolumn=\count194
\pgf@matrix@numberofcolumns=\count195
)
\tikz@expandcount=\count196

(/usr/share/texlive/texmf-dist/tex/generic/pgf/frontendlayer/tikz/libraries/tik
zlibrarytopaths.code.tex
File: tikzlibrarytopaths.code.tex 2020/01/08 v3.1.5b (3.1.5b)
)))
(/usr/share/texlive/texmf-dist/tex/generic/chemfig/chemfig.tex
(/usr/share/texlive/texmf-dist/tex/generic/simplekv/simplekv.tex)
(/usr/share/texlive/texmf-dist/tex/generic/pgf/libraries/pgflibraryarrows.meta.
code.tex
File: pgflibraryarrows.meta.code.tex 2020/01/08 v3.1.5b (3.1.5b)
\pgfarrowinset=\dimen264
\pgfarrowlength=\dimen265
\pgfarrowwidth=\dimen266
\pgfarrowlinewidth=\dimen267
)
\CF_cntatomgroup=\count197
\CF_cntgroup=\count198
\CF_cntatom=\count199
\CF_cntcycle=\count266
\CF_cntcompound=\count267
\CF_dim=\dimen268
\CF_arrowsize=\dimen269
\CF_zero=\dimen270
\CF_boxlewis=\box73
\CF_box=\box74
\CF_boxstuff=\box75
\CF_substtoks=\toks28
)
Package: chemfig 2019/05/21 v1.41 Draw molecule with an easy syntax (CT)
) (/usr/share/texlive/texmf-dist/tex/latex/amsmath/amsmath.sty
Package: amsmath 2020/01/20 v2.17e AMS math features
\@mathmargin=\skip50

For additional information on amsmath, use the `?' option.
(/usr/share/texlive/texmf-dist/tex/latex/amsmath/amstext.sty
Package: amstext 2000/06/29 v2.01 AMS text

(/usr/share/texlive/texmf-dist/tex/latex/amsmath/amsgen.sty
File: amsgen.sty 1999/11/30 v2.0 generic functions
\@emptytoks=\toks29
\ex@=\dimen271
))
(/usr/share/texlive/texmf-dist/tex/latex/amsmath/amsbsy.sty
Package: amsbsy 1999/11/29 v1.2d Bold Symbols
\pmbraise@=\dimen272
)
(/usr/share/texlive/texmf-dist/tex/latex/amsmath/amsopn.sty
Package: amsopn 2016/03/08 v2.02 operator names
)
\inf@bad=\count268
LaTeX Info: Redefining \frac on input line 227.
\uproot@=\count269
\leftroot@=\count270
LaTeX Info: Redefining \overline on input line 389.
\classnum@=\count271
\DOTSCASE@=\count272
LaTeX Info: Redefining \ldots on input line 486.
LaTeX Info: Redefining \dots on input line 489.
LaTeX Info: Redefining \cdots on input line 610.
\Mathstrutbox@=\box76
\strutbox@=\box77
\big@size=\dimen273
LaTeX Font Info:    Redeclaring font encoding OML on input line 733.
LaTeX Font Info:    Redeclaring font encoding OMS on input line 734.
\macc@depth=\count273
\c@MaxMatrixCols=\count274
\dotsspace@=\muskip16
\c@parentequation=\count275
\dspbrk@lvl=\count276
\tag@help=\toks30
\row@=\count277
\column@=\count278
\maxfields@=\count279
\andhelp@=\toks31
\eqnshift@=\dimen274
\alignsep@=\dimen275
\tagshift@=\dimen276
\tagwidth@=\dimen277
\totwidth@=\dimen278
\lineht@=\dimen279
\@envbody=\toks32
\multlinegap=\skip51
\multlinetaggap=\skip52
\mathdisplay@stack=\toks33
LaTeX Info: Redefining \[ on input line 2859.
LaTeX Info: Redefining \] on input line 2860.
)
(/usr/share/texlive/texmf-dist/tex/latex/amsfonts/amssymb.sty
Package: amssymb 2013/01/14 v3.01 AMS font symbols

(/usr/share/texlive/texmf-dist/tex/latex/amsfonts/amsfonts.sty
Package: amsfonts 2013/01/14 v3.01 Basic AMSFonts support
\symAMSa=\mathgroup5
\symAMSb=\mathgroup6
LaTeX Font Info:    Redeclaring math symbol \hbar on input line 98.
LaTeX Font Info:    Overwriting math alphabet `\mathfrak' in version `bold'
(Font)                  U/euf/m/n --> U/euf/b/n on input line 106.
))
(/usr/share/texlive/texmf-dist/tex/latex/l3backend/l3backend-dvips.def
File: l3backend-dvips.def 2020-02-03 L3 backend support: dvips
\l__pdf_internal_box=\box78
\g__pdf_backend_object_int=\count280
\l__pdf_backend_content_box=\box79
\l__pdf_backend_model_box=\box80
\g__pdf_backend_annotation_int=\count281
\g__pdf_backend_link_int=\count282
\g__pdf_backend_link_sf_int=\count283
)
(./extracaffe.aux)
\openout1 = `extracaffe.aux'.

LaTeX Font Info:    Checking defaults for OML/cmm/m/it on input line 6.
LaTeX Font Info:    ... okay on input line 6.
LaTeX Font Info:    Checking defaults for OMS/cmsy/m/n on input line 6.
LaTeX Font Info:    ... okay on input line 6.
LaTeX Font Info:    Checking defaults for OT1/cmr/m/n on input line 6.
LaTeX Font Info:    ... okay on input line 6.
LaTeX Font Info:    Checking defaults for T1/cmr/m/n on input line 6.
LaTeX Font Info:    ... okay on input line 6.
LaTeX Font Info:    Checking defaults for TS1/cmr/m/n on input line 6.
LaTeX Font Info:    ... okay on input line 6.
LaTeX Font Info:    Checking defaults for OMX/cmex/m/n on input line 6.
LaTeX Font Info:    ... okay on input line 6.
LaTeX Font Info:    Checking defaults for U/cmr/m/n on input line 6.
LaTeX Font Info:    ... okay on input line 6.
LaTeX Font Info:    Checking defaults for JY1/mc/m/n on input line 6.
LaTeX Font Info:    ... okay on input line 6.
LaTeX Font Info:    Checking defaults for JT1/mc/m/n on input line 6.
LaTeX Font Info:    ... okay on input line 6.
 ABD: EveryShipout initializing macros
LaTeX Font Info:    Font shape `JT1/mc/m/n' will be
(Font)              scaled to size 16.60605pt on input line 10.
LaTeX Font Info:    Font shape `JY1/mc/m/n' will be
(Font)              scaled to size 16.60605pt on input line 10.
LaTeX Font Info:    Font shape `JT1/mc/m/n' will be
(Font)              scaled to size 11.53198pt on input line 10.
LaTeX Font Info:    Font shape `JY1/mc/m/n' will be
(Font)              scaled to size 11.53198pt on input line 10.
LaTeX Font Info:    Font shape `JY1/mc/m/n' will be
(Font)              scaled to size 5.76599pt on input line 10.
LaTeX Font Info:    Trying to load font information for U+msa on input line 10.


(/usr/share/texlive/texmf-dist/tex/latex/amsfonts/umsa.fd
File: umsa.fd 2013/01/14 v3.01 AMS symbols A
)
LaTeX Font Info:    Trying to load font information for U+msb on input line 10.


(/usr/share/texlive/texmf-dist/tex/latex/amsfonts/umsb.fd
File: umsb.fd 2013/01/14 v3.01 AMS symbols B
) [1

]
LaTeX Font Info:    Font shape `JT1/mc/m/n' will be
(Font)              scaled to size 13.83836pt on input line 57.
LaTeX Font Info:    Font shape `JY1/mc/m/n' will be
(Font)              scaled to size 13.83836pt on input line 57.
LaTeX Font Info:    Font shape `JT1/gt/m/n' will be
(Font)              scaled to size 13.83836pt on input line 63.
LaTeX Font Info:    Font shape `JY1/gt/m/n' will be
(Font)              scaled to size 13.83836pt on input line 63.
LaTeX Font Info:    Font shape `JY1/mc/m/n' will be
(Font)              scaled to size 6.72699pt on input line 86.
LaTeX Font Info:    Font shape `JY1/mc/m/n' will be
(Font)              scaled to size 4.805pt on input line 86.


Package amsmath Warning: Foreign command \over;
(amsmath)                \frac or \genfrac should be used instead
(amsmath)                 on input line 90.

[2]
File: laplace_equation.png Graphic file (type bmp)
 <laplace_equation.png> [3] [4] [5] [6] [7] [8] [9] [10] [11] [12] [13]
[14] [15]
LaTeX Font Info:    Font shape `JT1/gt/m/n' will be
(Font)              scaled to size 11.53198pt on input line 596.
LaTeX Font Info:    Font shape `JY1/gt/m/n' will be
(Font)              scaled to size 11.53198pt on input line 596.
 [16] [17]
File: hartshorn.png Graphic file (type bmp)
 <hartshorn.png> [18] [19] [20] [21] [22] [23] [24] [25]
[26] [27] [28] [29] [30] [31]
File: ninety_degree.png Graphic file (type bmp)
 <ninety_degree.png>
File: fifth_dimension_of_circle.png Graphic file (type bmp)

<fifth_dimension_of_circle.png> [32] [33] [34] [35] [36] [37] [38] [39]
[40] [41] [42] [43] [44] [45] [46] [47] [48] [49] [50]
Overfull \hbox (9.81396pt too wide) detected at line 1885
\OML/cmm/m/it/10 px \OT1/cmr/m/n/10 = \OML/cmm/m/it/10 mv; ^^U\OT1/cmr/m/n/10 (
\OML/cmm/m/it/10 x\OT1/cmr/m/n/10 ) = []\OML/cmm/m/it/10 f\OT1/cmr/m/n/10 (\OML
/cmm/m/it/10 x\OT1/cmr/m/n/10 )\OML/cmm/m/it/10 ; \OT1/cmr/m/n/10 [\OML/cmm/m/i
t/10 F\OT1/cmr/m/n/10 (\OML/cmm/m/it/10 x\OT1/cmr/m/n/10 )] = []\OML/cmm/m/it/1
0 ; \OT1/cmr/m/n/10 0 \OML/cmm/m/it/10 < [] ^^R < i; \OMS/cmsy/m/n/10 ^^@\OT1/c
mr/m/n/10 1 \OML/cmm/m/it/10 < [] ^^R < i; \OMS/cmsy/m/n/10 ^^@\OT1/cmr/m/n/10 
1 \OMS/cmsy/m/n/10 ^^T [] \OML/cmm/m/it/10 ^^R \OMS/cmsy/m/n/10 ^^T \OT1/cmr/m/
n/10 1\OML/cmm/m/it/10 ; \OMS/cmsy/m/n/10 ^^@\OT1/cmr/m/n/10 1 \OMS/cmsy/m/n/10
 ^^T [] \OML/cmm/m/it/10 ^^R \OMS/cmsy/m/n/10 ^^T \OT1/cmr/m/n/10 1
 []

[51] [52] [53] [54] [55] [56] [57] [58] [59] [60] [61]
Overfull \hbox (23.08348pt too wide) detected at line 2303
\OML/cmm/m/it/10 V\OT1/cmr/m/n/10 (\OML/cmm/m/it/10 ^^\\OT1/cmr/m/n/10 ) = [] [
] [] []\OML/cmm/m/it/10 dm; f\OT1/cmr/m/n/10 (\OML/cmm/m/it/10 r\OT1/cmr/m/n/10
 ) = [][] + \OML/cmm/m/it/10 mgf\OT1/cmr/m/n/10 (\OML/cmm/m/it/10 r\OT1/cmr/m/n
/10 )\OML/cmm/m/it/10 ; []\OT1/cmr/m/n/10 (\OML/cmm/m/it/10 x [] x\OT1/cmr/m/n/
10 ) \OMS/cmsy/m/n/10 ^^U \OT1/cmr/m/n/10 2(\OML/cmm/m/it/10 y [] y\OT1/cmr/m/n
/10 )[]\OML/cmm/m/it/10 ; F[] \OT1/cmr/m/n/10 = []\OML/cmm/m/it/10 g[]; []g[]\O
T1/cmr/m/n/10 (\OML/cmm/m/it/10 t\OT1/cmr/m/n/10 ) = \OMS/cmsy/m/n/10 ^^@\OT1/c
mr/m/n/10 2\OML/cmm/m/it/10 R[]
 []

[62] [63] [64] [65] [66] [67] [68] [69] [70] [71] [72] [73] [74] [75] [76]
LaTeX Font Info:    Font shape `JT1/gt/m/n' will be
(Font)              scaled to size 9.60999pt on input line 2944.
LaTeX Font Info:    Font shape `JY1/gt/m/n' will be
(Font)              scaled to size 9.60999pt on input line 2944.

[77]
Overfull \hbox (52.38972pt too wide) in paragraph at lines 3000--3000
 []  \OT1/cmtt/m/n/10 {\bigoplus M^{+}_{-} -> =: \nabla R^{+} \nabla C^{+}}-< [
construct_emerge_equation.built][] 
 []


Overfull \hbox (10.39009pt too wide) in paragraph at lines 3000--3000
 []      \OT1/cmtt/m/n/10 w.scan(equal.value) [ > [\nabla \int \int \nabla_{i}\
nabla_{j} f \circ g(x)]][] 
 []


Overfull \hbox (41.88982pt too wide) in paragraph at lines 3011--3011
 []\OT1/cmtt/m/n/10 {\bigoplus M^{+}_{-} -> =: \nabla R^{+} \nabla C^{+}}-< [co
nstruct_emerge_equation.built][] 
 []

[78]
Overfull \hbox (10.39009pt too wide) in paragraph at lines 3037--3037
 []      \OT1/cmtt/m/n/10 w.scan(equal.value) [ > [\nabla \int \int \nabla_{i}\
nabla_{j} f \circ g(x)]][] 
 []

[79]
Overfull \hbox (10.39009pt too wide) in paragraph at lines 3148--3148
 []    \OT1/cmtt/m/n/10 \nabla_{i}\nabla_{j} w.process.excluded :=> tuplespace[
process.excluded].reload[] 
 []


Overfull \hbox (47.13977pt too wide) in paragraph at lines 3148--3148
 []    \OT1/cmtt/m/n/10 {\exp[\int \int (R + \Delta f)^2 e^{-x \log x}dV}.emerg
e_equation.reality{|repository|[] 
 []


Overfull \hbox (47.13977pt too wide) in paragraph at lines 3148--3148
 []    \OT1/cmtt/m/n/10 {\imaginary.equation => e^{\cos \theta + i\sin \theta}}
 <=> Omega.DATABASE[tuplespace][] 
 []


Overfull \hbox (73.38954pt too wide) in paragraph at lines 3148--3148
 []    \OT1/cmtt/m/n/10 :=> [repository.scan(regexpt.pattern) { <=> btree.scan 
|array| <-> ultranetwork.attachment}[] 
 []


Overfull \hbox (26.13995pt too wide) in paragraph at lines 3163--3163
 []\OT1/cmtt/m/n/10 :=>, >> ==> ,<=> .emerge_equation.reality, .reload, .cognit
ive_system, .reload, .saved[] 
 []

[80]
Overfull \hbox (77.76971pt too wide) in paragraph at lines 3247--3247
 []\JY1/gt/m/n/10 オブジ ェクとして 、 リスト化したデ ータへ 、 以下の式たちを
入力させる 。 \OT1/cmtt/m/n/10 equation_manifolds.scan(value) |value| =[] 
 []

[81]
Overfull \hbox (36.63986pt too wide) in paragraph at lines 3576--3576
 []\OT1/cmtt/m/n/10 = { x^{{1 \over 2} + iy} = [f(x) \circ g(x), \bar{h}(x)]/ \
partial f\partial g\partial h[] 
 []


Overfull \hbox (5.14014pt too wide) in paragraph at lines 3576--3576
 []   \OT1/cmtt/m/n/10 \exists [\nabla_{i} \nabla_{j} (R + \Delta f), g(x)] = \
bigoplus_{k=0}^{\infty}[] 
 []


Overfull \hbox (5.14014pt too wide) in paragraph at lines 3576--3576
 [] \OT1/cmtt/m/n/10 \left({p \over c^3} \circ {V \over S}\right), x^{{1 \over 
2} + iy} = e^{x \log x}[] 
 []

[82] [83] [84] [85]
Overfull \hbox (36.63986pt too wide) in paragraph at lines 3576--3576
 []     \OT1/cmtt/m/n/10 \hbar\psi = {1 \over i} H \Psi, i[H,\psi] = - H \Psi, 
{\{f,g\} \over [f,g]} = (i)^2[] 
 []

[86]
Overfull \hbox (10.39009pt too wide) in paragraph at lines 3576--3576
 []     \OT1/cmtt/m/n/10 \sum_{k=0}^{\infty} Z \otimes Q^{+}_{-} = \bigotimes_{
k=0}^{\infty} \nabla M_1[] 
 []


Overfull \hbox (26.13995pt too wide) in paragraph at lines 3576--3576
 []  \OT1/cmtt/m/n/10 M^{+}_{-}\nabla C^{+}_{-}, C^{+}\nabla H_m, E^{+} \nabla 
R^{+}_{-}, E_2 \nabla E_1 $[] 
 []

[87]
Overfull \hbox (41.88982pt too wide) in paragraph at lines 3670--3670
 []                                               \OT1/cmtt/m/n/10 file.reloded
 => [asperal_language.rebuild][] 
 []

[88] [89] [90] [91]
Overfull \hbox (68.13959pt too wide) in paragraph at lines 3842--3842
 []                         \OT1/cmtt/m/n/10 d, int, cap,cup,ni,in,chi,oplus,ot
imes,bigoplus,bigotimes,d /over df,[] 
 []


Overfull \hbox (31.38991pt too wide) in paragraph at lines 3842--3842
 []            \OT1/cmtt/m/n/10 list.emerge => {asperal function >- pholograph_
data[] times repository_data[] 
 []

[92] [93]
Overfull \hbox (52.38972pt too wide) in paragraph at lines 3976--3976
 []\OT1/cmtt/m/n/10 DATABASE[tuplespace] -< {[ > aimed.compiler | aimed.interpr
eter] | btree.def.distributed >-[] 
 []


Overfull \hbox (41.88982pt too wide) in paragraph at lines 3976--3976
 []\OT1/cmtt/m/n/10 aimed[tuplespace] -< btree.class.hyperrout_ struct _ => Ome
ga::Database[tuplespace].value[] 
 []


Overfull \hbox (47.13977pt too wide) in paragraph at lines 3976--3976
 []  \OT1/cmtt/m/n/10 sheap_ union _ :aspective | -> Omega[tuplespace]: | aimed
[tuplespace].differented_review[] 
 []


Overfull \hbox (36.63986pt too wide) in paragraph at lines 3976--3976
 []\OT1/cmtt/m/n/10 aimed.different | aimed.stdout >> vale | key [ > cognitive_
system.loop.stdin] {|pattern|[] 
 []


Overfull \hbox (15.64005pt too wide) in paragraph at lines 3976--3976
 []                   \OT1/cmtt/m/n/10 => expression.iterator[def.first,def.sec
ond,def.third,def.fourth][] 
 []


Overfull \hbox (52.38972pt too wide) in paragraph at lines 3976--3976
 []                        \OT1/cmtt/m/n/10 def.cognitive_system |: -> DATABASE
[tuplespace] | aimed[tuplespace][] 
 []


Overfull \hbox (36.63986pt too wide) in paragraph at lines 3976--3976
 []   \OT1/cmtt/m/n/10 norm[Fx] -> . in for def.all_included < aimed[tuplespace
].each_scan([regexpt_pattern][] 
 []


Overfull \hbox (20.89pt too wide) in paragraph at lines 3976--3976
 []                                   \OT1/cmtt/m/n/10 finality : aimed[tuplesp
ace], DATABASE[tuplespace][] 
 []


Overfull \hbox (5.14014pt too wide) in paragraph at lines 3976--3976
 []                                       \OT1/cmtt/m/n/10 def.key | def,value 
=> [DATABASE].recompile[] 
 []


Overfull \hbox (31.38991pt too wide) in paragraph at lines 4036--4036
 [] \OT1/cmtt/m/n/10 def.iterator -> |klass,define_method,constant,variable,inf
inity_data : -> finite_data|[] 
 []

[94]
Overfull \hbox (31.38991pt too wide) in paragraph at lines 4036--4036
 []            \OT1/cmtt/m/n/10 _struct _ :aspective -> tuplespace :all_homolog
y_recreated :make menuconfig[] 
 []


Overfull \hbox (31.38991pt too wide) in paragraph at lines 4036--4036
 []                       \OT1/cmtt/m/n/10 {[e^{-f}[{2 \int (R + \nablaf^2) \ov
er -(R + \Delta f)}e^{-f}dV}[] 
 []

[95]
Overfull \hbox (152.13885pt too wide) in paragraph at lines 4062--4062
 []  \OT1/cmtt/m/n/10 Endire.interator -> {def < :Endire.element, -> def.means_
each{x -> expression.define.included[array.klass]}}[] 
 []


Overfull \hbox (173.13867pt too wide) in paragraph at lines 4062--4062
 []  \OT1/cmtt/m/n/10 array.each{[tuplespace] -> aimed[tuplespace] | OMEGA_DATA
BASE[tuplespace]}.excluded <-> array[def.key,def.value][] 
 []


Overfull \hbox (41.88982pt too wide) in paragraph at lines 4062--4062
 []  \OT1/cmtt/m/n/10 def.key <-> def.value => {x -> stdin | stdout |=> streem_
style <- def.each.klass.value}[] 
 []


Overfull \hbox (99.63931pt too wide) in paragraph at lines 4106--4106
 []       \OT1/cmtt/m/n/10 int streem_style : [ > [def.each{x -> stdin | stdout
 > display :xhost in XWin -multiwindow]]}[] 
 []


Overfull \hbox (68.13959pt too wide) in paragraph at lines 4106--4106
 []         \OT1/cmtt/m/n/10 Endire <- [ADD,EVEN,ODE,EXOR,XOR,DEL,DIFF,PARTIAL,
INT].included > struct _ :-> _union[] 
 []


Overfull \hbox (146.8889pt too wide) in paragraph at lines 4106--4106
 []\OT1/cmtt/m/n/10 @reviser : def.reconstructed.each{_union <-> _struct _.recr
eated} : [def.del - def.before_determined :method][] 
 []


Overfull \hbox (62.88963pt too wide) in paragraph at lines 4106--4106
 []                          \OT1/cmtt/m/n/10 ping localhost -> blidgebase <-> 
hostbase.virtualmachine.attachment[] 
 []


Overfull \hbox (20.89pt too wide) in paragraph at lines 4106--4106
 []                          \OT1/cmtt/m/n/10 } :connected -> networkrout : flo
w_to :localhost.attachment[] 
 []

[96]
Overfull \hbox (157.38881pt too wide) in paragraph at lines 4154--4154
 []\OT1/cmtt/m/n/10 @reviser : def.each{listmenu -> listlink | unlinklist > [de
veloped -> {def.key , def.value}.currentconditions]}[] 
 []


Overfull \hbox (78.6395pt too wide) in paragraph at lines 4154--4154
 []  \OT1/cmtt/m/n/10 FILE *fp -> cmd.value : cmd.key {fp |-> syncronized.file[
tuplespace] | aimed.file[tuplespace]}[] 
 []

[97] [98] [99]
File: curve11.png Graphic file (type bmp)
 <curve11.png>
File: curve112.png Graphic file (type bmp)
 <curve112.png>
File: curve12.png Graphic file (type bmp)
 <curve12.png>
File: curve121.png Graphic file (type bmp)
 <curve121.png>
File: curve1211.png Graphic file (type bmp)

<curve1211.png>
File: curve122.png Graphic file (type bmp)
 <curve122.png>
Overfull \hbox (72.74414pt too wide) in paragraph at lines 4314--4320
[][] [] []
 []


Overfull \hbox (63.49727pt too wide) in paragraph at lines 4314--4320
[] [] [] 
 []

[100]
LaTeX Font Info:    Font shape `JT1/mc/m/n' will be
(Font)              scaled to size 6.72699pt on input line 4321.
LaTeX Font Info:    Font shape `JT1/mc/m/n' will be
(Font)              scaled to size 4.805pt on input line 4321.
 [101] [102] [103] [104] [105] [106] [107] [108] [109] [110] [111]
[112] [113] [114] [115] [116] [117] [118] [119] [120] [121] [122] [123]
[124] [125] [126] [127] [128] [129] [130] [131] [132] [133] [134] [135]
[136] [137] [138] [139] [140] [141]
Overfull \hbox (23.67322pt too wide) detected at line 5812
[] \OT1/cmr/m/n/10 + [] + [] \OMS/cmsy/m/n/10 ! [] \OT1/cmr/m/n/10 + [] + []
 []


Overfull \hbox (14.22876pt too wide) detected at line 5819
[] \OT1/cmr/m/n/10 + [] + [] \OMS/cmsy/m/n/10 ! [] \OT1/cmr/m/n/10 + [] + []
 []

[142] [143] [144] [145] [146] [147] [148] [149] [150] [151]
File: assemble.png Graphic file (type bmp)
 <assemble.png>
File: energy.png Graphic file (type bmp)

<energy.png> [152] [153] [154] [155] [156] [157] [158] [159] [160] [161]
[162] [163] [164] [165] [166] [167] [168] [169] [170] [171] [172]
Overfull \hbox (24.40097pt too wide) detected at line 7139
[] \OT1/cmr/m/n/10 ^^@(\OML/cmm/m/it/10 ^^M\OT1/cmr/m/n/10 )[]\OML/cmm/m/it/10 
dx[] \OT1/cmr/m/n/10 = [][] = [][] \OMS/cmsy/m/n/10 ^^T [][] ^^T [][]
 []

[173] [174] [175] [176] [177] [178] [179] [180] [181] [182] [183] [184]
[185] [186]
Overfull \hbox (24.40097pt too wide) detected at line 7741
[] \OT1/cmr/m/n/10 ^^@(\OML/cmm/m/it/10 ^^M\OT1/cmr/m/n/10 )[]\OML/cmm/m/it/10 
dx[] \OT1/cmr/m/n/10 = [][] = [][] \OMS/cmsy/m/n/10 ^^T [][] ^^T [][]
 []

[187] [188] [189] [190] [191] [192] [193] [194] [195] [196] [197] [198]
[199] [200] [201] [202] [203] [204] [205] [206] [207] (./extracaffe.aux) )
(\end occurred inside a group at level 1)

### simple group (level 1) entered at line 2257 ({)
### bottom level 
Here is how much of TeX's memory you used:
 15156 strings out of 481768
 296804 string characters out of 5933620
 796021 words of memory out of 5000000
 30321 multiletter control sequences out of 15000+600000
 546834 words of font info for 93 fonts, out of 8000000 for 9000
 934 hyphenation exceptions out of 8191
 68i,14n,89p,707b,1224s stack positions out of 5000i,500n,10000p,200000b,80000s

Output written on extracaffe.dvi (207 pages, 1409816 bytes).
