This is e-pTeX, Version 3.14159265-p3.8.2-190908-2.6 (utf8.euc) (TeX Live 2019/Debian) (preloaded format=platex 2024.12.9)  19 MAR 2025 16:50
entering extended mode
 restricted \write18 enabled.
 %&-line parsing enabled.
**outputfile2.tex
(./outputfile2.tex
pLaTeX2e <2020-02-02>+2 (based on LaTeX2e <2020-02-02> patch level 2)
L3 programming layer <2020-02-14>
(/usr/share/texlive/texmf-dist/tex/platex/jsclasses/jsarticle.cls
Document Class: jsarticle 2020/02/02 jsclasses (okumura, texjporg)
\jsc@mpt=\dimen150
\jsc@mmm=\dimen151
\jsc@smallskipamount=\skip47
LaTeX Info: Redefining \textmc on input line 496.
LaTeX Info: Redefining \textgt on input line 498.
\symmincho=\mathgroup4
LaTeX Font Info:    Overwriting symbol font `mincho' in version `bold'
(Font)                  JY1/mc/m/n --> JY1/gt/m/n on input line 560.
LaTeX Font Info:    Font shape `JT1/mc/m/n' will be
(Font)              scaled to size 9.60999pt on input line 751.
LaTeX Font Info:    Font shape `JY1/mc/m/n' will be
(Font)              scaled to size 9.60999pt on input line 751.
\fullwidth=\dimen152
LaTeX Font Info:    Font shape `JT1/mc/m/n' will be
(Font)              scaled to size 7.68799pt on input line 904.
LaTeX Font Info:    Font shape `JY1/mc/m/n' will be
(Font)              scaled to size 7.68799pt on input line 904.
\c@part=\count166
\c@section=\count167
\c@subsection=\count168
\c@subsubsection=\count169
\c@paragraph=\count170
\c@subparagraph=\count171
\@abstractbox=\box61
\c@figure=\count172
\c@table=\count173
\abovecaptionskip=\skip48
\belowcaptionskip=\skip49
\jsc@tocl@width=\dimen153
\@lnumwidth=\dimen154
\bibindent=\dimen155
(/usr/share/texlive/texmf-dist/tex/platex/jsclasses/jslogo.sty
Package: jslogo 2019/07/25 okumura, texjporg
LaTeX Info: Redefining \TeX on input line 94.
LaTeX Info: Redefining \LaTeX on input line 147.
LaTeX Info: Redefining \LaTeXe on input line 200.
)
\heisei=\count174
)
(/usr/share/texlive/texmf-dist/tex/latex/graphics/graphicx.sty
Package: graphicx 2019/11/30 v1.2a Enhanced LaTeX Graphics (DPC,SPQR)

(/usr/share/texlive/texmf-dist/tex/latex/graphics/keyval.sty
Package: keyval 2014/10/28 v1.15 key=value parser (DPC)
\KV@toks@=\toks15
)
(/usr/share/texlive/texmf-dist/tex/latex/graphics/graphics.sty
Package: graphics 2019/11/30 v1.4a Standard LaTeX Graphics (DPC,SPQR)

(/usr/share/texlive/texmf-dist/tex/latex/graphics/trig.sty
Package: trig 2016/01/03 v1.10 sin cos tan (DPC)
)
(/usr/share/texlive/texmf-dist/tex/latex/graphics-cfg/graphics.cfg
File: graphics.cfg 2016/06/04 v1.11 sample graphics configuration
)
Package graphics Info: Driver file: dvipdfmx.def on input line 105.

(/usr/share/texlive/texmf-dist/tex/latex/graphics-def/dvipdfmx.def
File: dvipdfmx.def 2017/06/24 v5.0g Graphics/color driver for dvipdfmx
))
\Gin@req@height=\dimen156
\Gin@req@width=\dimen157
)
(/usr/share/texlive/texmf-dist/tex/latex/amsmath/amsmath.sty
Package: amsmath 2020/01/20 v2.17e AMS math features
\@mathmargin=\skip50

For additional information on amsmath, use the `?' option.
(/usr/share/texlive/texmf-dist/tex/latex/amsmath/amstext.sty
Package: amstext 2000/06/29 v2.01 AMS text

(/usr/share/texlive/texmf-dist/tex/latex/amsmath/amsgen.sty
File: amsgen.sty 1999/11/30 v2.0 generic functions
\@emptytoks=\toks16
\ex@=\dimen158
))
(/usr/share/texlive/texmf-dist/tex/latex/amsmath/amsbsy.sty
Package: amsbsy 1999/11/29 v1.2d Bold Symbols
\pmbraise@=\dimen159
)
(/usr/share/texlive/texmf-dist/tex/latex/amsmath/amsopn.sty
Package: amsopn 2016/03/08 v2.02 operator names
)
\inf@bad=\count175
LaTeX Info: Redefining \frac on input line 227.
\uproot@=\count176
\leftroot@=\count177
LaTeX Info: Redefining \overline on input line 389.
\classnum@=\count178
\DOTSCASE@=\count179
LaTeX Info: Redefining \ldots on input line 486.
LaTeX Info: Redefining \dots on input line 489.
LaTeX Info: Redefining \cdots on input line 610.
\Mathstrutbox@=\box62
\strutbox@=\box63
\big@size=\dimen160
LaTeX Font Info:    Redeclaring font encoding OML on input line 733.
LaTeX Font Info:    Redeclaring font encoding OMS on input line 734.
\macc@depth=\count180
\c@MaxMatrixCols=\count181
\dotsspace@=\muskip16
\c@parentequation=\count182
\dspbrk@lvl=\count183
\tag@help=\toks17
\row@=\count184
\column@=\count185
\maxfields@=\count186
\andhelp@=\toks18
\eqnshift@=\dimen161
\alignsep@=\dimen162
\tagshift@=\dimen163
\tagwidth@=\dimen164
\totwidth@=\dimen165
\lineht@=\dimen166
\@envbody=\toks19
\multlinegap=\skip51
\multlinetaggap=\skip52
\mathdisplay@stack=\toks20
LaTeX Info: Redefining \[ on input line 2859.
LaTeX Info: Redefining \] on input line 2860.
)
(/usr/share/texlive/texmf-dist/tex/latex/amsfonts/amssymb.sty
Package: amssymb 2013/01/14 v3.01 AMS font symbols

(/usr/share/texlive/texmf-dist/tex/latex/amsfonts/amsfonts.sty
Package: amsfonts 2013/01/14 v3.01 Basic AMSFonts support
\symAMSa=\mathgroup5
\symAMSb=\mathgroup6
LaTeX Font Info:    Redeclaring math symbol \hbar on input line 98.
LaTeX Font Info:    Overwriting math alphabet `\mathfrak' in version `bold'
(Font)                  U/euf/m/n --> U/euf/b/n on input line 106.
))
(/usr/share/texlive/texmf-dist/tex/generic/chemfig/chemfig.sty
(/usr/share/texlive/texmf-dist/tex/latex/pgf/frontendlayer/tikz.sty
(/usr/share/texlive/texmf-dist/tex/latex/pgf/basiclayer/pgf.sty
(/usr/share/texlive/texmf-dist/tex/latex/pgf/utilities/pgfrcs.sty
(/usr/share/texlive/texmf-dist/tex/generic/pgf/utilities/pgfutil-common.tex
\pgfutil@everybye=\toks21
\pgfutil@tempdima=\dimen167
\pgfutil@tempdimb=\dimen168

(/usr/share/texlive/texmf-dist/tex/generic/pgf/utilities/pgfutil-common-lists.t
ex)) (/usr/share/texlive/texmf-dist/tex/generic/pgf/utilities/pgfutil-latex.def
\pgfutil@abb=\box64
(/usr/share/texlive/texmf-dist/tex/latex/ms/everyshi.sty
Package: everyshi 2001/05/15 v3.00 EveryShipout Package (MS)
))
(/usr/share/texlive/texmf-dist/tex/generic/pgf/utilities/pgfrcs.code.tex
(/usr/share/texlive/texmf-dist/tex/generic/pgf/pgf.revision.tex)
Package: pgfrcs 2020/01/08 v3.1.5b (3.1.5b)
))
Package: pgf 2020/01/08 v3.1.5b (3.1.5b)

(/usr/share/texlive/texmf-dist/tex/latex/pgf/basiclayer/pgfcore.sty
(/usr/share/texlive/texmf-dist/tex/latex/pgf/systemlayer/pgfsys.sty
(/usr/share/texlive/texmf-dist/tex/generic/pgf/systemlayer/pgfsys.code.tex
Package: pgfsys 2020/01/08 v3.1.5b (3.1.5b)

(/usr/share/texlive/texmf-dist/tex/generic/pgf/utilities/pgfkeys.code.tex
\pgfkeys@pathtoks=\toks22
\pgfkeys@temptoks=\toks23

(/usr/share/texlive/texmf-dist/tex/generic/pgf/utilities/pgfkeysfiltered.code.t
ex
\pgfkeys@tmptoks=\toks24
))
\pgf@x=\dimen169
\pgf@y=\dimen170
\pgf@xa=\dimen171
\pgf@ya=\dimen172
\pgf@xb=\dimen173
\pgf@yb=\dimen174
\pgf@xc=\dimen175
\pgf@yc=\dimen176
\pgf@xd=\dimen177
\pgf@yd=\dimen178
\w@pgf@writea=\write3
\r@pgf@reada=\read2
\c@pgf@counta=\count187
\c@pgf@countb=\count188
\c@pgf@countc=\count189
\c@pgf@countd=\count190
\t@pgf@toka=\toks25
\t@pgf@tokb=\toks26
\t@pgf@tokc=\toks27
\pgf@sys@id@count=\count191
 (/usr/share/texlive/texmf-dist/tex/generic/pgf/systemlayer/pgf.cfg
File: pgf.cfg 2020/01/08 v3.1.5b (3.1.5b)
)
Driver file for pgf: pgfsys-dvipdfmx.def

(/usr/share/texlive/texmf-dist/tex/generic/pgf/systemlayer/pgfsys-dvipdfmx.def
File: pgfsys-dvipdfmx.def 2020/01/08 v3.1.5b (3.1.5b)

(/usr/share/texlive/texmf-dist/tex/generic/pgf/systemlayer/pgfsys-common-pdf.de
f
File: pgfsys-common-pdf.def 2020/01/08 v3.1.5b (3.1.5b)
)
\pgfsys@objnum=\count192
))
(/usr/share/texlive/texmf-dist/tex/generic/pgf/systemlayer/pgfsyssoftpath.code.
tex
File: pgfsyssoftpath.code.tex 2020/01/08 v3.1.5b (3.1.5b)
\pgfsyssoftpath@smallbuffer@items=\count193
\pgfsyssoftpath@bigbuffer@items=\count194
)
(/usr/share/texlive/texmf-dist/tex/generic/pgf/systemlayer/pgfsysprotocol.code.
tex
File: pgfsysprotocol.code.tex 2020/01/08 v3.1.5b (3.1.5b)
)) (/usr/share/texlive/texmf-dist/tex/latex/xcolor/xcolor.sty
Package: xcolor 2016/05/11 v2.12 LaTeX color extensions (UK)

(/usr/share/texlive/texmf-dist/tex/latex/graphics-cfg/color.cfg
File: color.cfg 2016/01/02 v1.6 sample color configuration
)
Package xcolor Info: Driver file: dvips.def on input line 225.

(/usr/share/texlive/texmf-dist/tex/latex/graphics-def/dvips.def
File: dvips.def 2017/06/20 v3.1d Graphics/color driver for dvips
)
Package xcolor Info: Model `cmy' substituted by `cmy0' on input line 1348.
Package xcolor Info: Model `RGB' extended on input line 1364.
Package xcolor Info: Model `HTML' substituted by `rgb' on input line 1366.
Package xcolor Info: Model `Hsb' substituted by `hsb' on input line 1367.
Package xcolor Info: Model `tHsb' substituted by `hsb' on input line 1368.
Package xcolor Info: Model `HSB' substituted by `hsb' on input line 1369.
Package xcolor Info: Model `Gray' substituted by `gray' on input line 1370.
Package xcolor Info: Model `wave' substituted by `hsb' on input line 1371.
)
(/usr/share/texlive/texmf-dist/tex/generic/pgf/basiclayer/pgfcore.code.tex
Package: pgfcore 2020/01/08 v3.1.5b (3.1.5b)

(/usr/share/texlive/texmf-dist/tex/generic/pgf/math/pgfmath.code.tex
(/usr/share/texlive/texmf-dist/tex/generic/pgf/math/pgfmathcalc.code.tex
(/usr/share/texlive/texmf-dist/tex/generic/pgf/math/pgfmathutil.code.tex)
(/usr/share/texlive/texmf-dist/tex/generic/pgf/math/pgfmathparser.code.tex
\pgfmath@dimen=\dimen179
\pgfmath@count=\count195
\pgfmath@box=\box65
\pgfmath@toks=\toks28
\pgfmath@stack@operand=\toks29
\pgfmath@stack@operation=\toks30
)
(/usr/share/texlive/texmf-dist/tex/generic/pgf/math/pgfmathfunctions.code.tex
(/usr/share/texlive/texmf-dist/tex/generic/pgf/math/pgfmathfunctions.basic.code
.tex)
(/usr/share/texlive/texmf-dist/tex/generic/pgf/math/pgfmathfunctions.trigonomet
ric.code.tex)
(/usr/share/texlive/texmf-dist/tex/generic/pgf/math/pgfmathfunctions.random.cod
e.tex)
(/usr/share/texlive/texmf-dist/tex/generic/pgf/math/pgfmathfunctions.comparison
.code.tex)
(/usr/share/texlive/texmf-dist/tex/generic/pgf/math/pgfmathfunctions.base.code.
tex)
(/usr/share/texlive/texmf-dist/tex/generic/pgf/math/pgfmathfunctions.round.code
.tex)
(/usr/share/texlive/texmf-dist/tex/generic/pgf/math/pgfmathfunctions.misc.code.
tex)
(/usr/share/texlive/texmf-dist/tex/generic/pgf/math/pgfmathfunctions.integerari
thmetics.code.tex)))
(/usr/share/texlive/texmf-dist/tex/generic/pgf/math/pgfmathfloat.code.tex
\c@pgfmathroundto@lastzeros=\count196
))
(/usr/share/texlive/texmf-dist/tex/generic/pgf/math/pgfint.code.tex)
(/usr/share/texlive/texmf-dist/tex/generic/pgf/basiclayer/pgfcorepoints.code.te
x
File: pgfcorepoints.code.tex 2020/01/08 v3.1.5b (3.1.5b)
\pgf@picminx=\dimen180
\pgf@picmaxx=\dimen181
\pgf@picminy=\dimen182
\pgf@picmaxy=\dimen183
\pgf@pathminx=\dimen184
\pgf@pathmaxx=\dimen185
\pgf@pathminy=\dimen186
\pgf@pathmaxy=\dimen187
\pgf@xx=\dimen188
\pgf@xy=\dimen189
\pgf@yx=\dimen190
\pgf@yy=\dimen191
\pgf@zx=\dimen192
\pgf@zy=\dimen193
)
(/usr/share/texlive/texmf-dist/tex/generic/pgf/basiclayer/pgfcorepathconstruct.
code.tex
File: pgfcorepathconstruct.code.tex 2020/01/08 v3.1.5b (3.1.5b)
\pgf@path@lastx=\dimen194
\pgf@path@lasty=\dimen195
)
(/usr/share/texlive/texmf-dist/tex/generic/pgf/basiclayer/pgfcorepathusage.code
.tex
File: pgfcorepathusage.code.tex 2020/01/08 v3.1.5b (3.1.5b)
\pgf@shorten@end@additional=\dimen196
\pgf@shorten@start@additional=\dimen197
)
(/usr/share/texlive/texmf-dist/tex/generic/pgf/basiclayer/pgfcorescopes.code.te
x
File: pgfcorescopes.code.tex 2020/01/08 v3.1.5b (3.1.5b)
\pgfpic=\box66
\pgf@hbox=\box67
\pgf@layerbox@main=\box68
\pgf@picture@serial@count=\count197
)
(/usr/share/texlive/texmf-dist/tex/generic/pgf/basiclayer/pgfcoregraphicstate.c
ode.tex
File: pgfcoregraphicstate.code.tex 2020/01/08 v3.1.5b (3.1.5b)
\pgflinewidth=\dimen198
)
(/usr/share/texlive/texmf-dist/tex/generic/pgf/basiclayer/pgfcoretransformation
s.code.tex
File: pgfcoretransformations.code.tex 2020/01/08 v3.1.5b (3.1.5b)
\pgf@pt@x=\dimen199
\pgf@pt@y=\dimen256
\pgf@pt@temp=\dimen257
)
(/usr/share/texlive/texmf-dist/tex/generic/pgf/basiclayer/pgfcorequick.code.tex
File: pgfcorequick.code.tex 2020/01/08 v3.1.5b (3.1.5b)
)
(/usr/share/texlive/texmf-dist/tex/generic/pgf/basiclayer/pgfcoreobjects.code.t
ex
File: pgfcoreobjects.code.tex 2020/01/08 v3.1.5b (3.1.5b)
)
(/usr/share/texlive/texmf-dist/tex/generic/pgf/basiclayer/pgfcorepathprocessing
.code.tex
File: pgfcorepathprocessing.code.tex 2020/01/08 v3.1.5b (3.1.5b)
)
(/usr/share/texlive/texmf-dist/tex/generic/pgf/basiclayer/pgfcorearrows.code.te
x
File: pgfcorearrows.code.tex 2020/01/08 v3.1.5b (3.1.5b)
\pgfarrowsep=\dimen258
)
(/usr/share/texlive/texmf-dist/tex/generic/pgf/basiclayer/pgfcoreshade.code.tex
File: pgfcoreshade.code.tex 2020/01/08 v3.1.5b (3.1.5b)
\pgf@max=\dimen259
\pgf@sys@shading@range@num=\count198
\pgf@shadingcount=\count199
)
(/usr/share/texlive/texmf-dist/tex/generic/pgf/basiclayer/pgfcoreimage.code.tex
File: pgfcoreimage.code.tex 2020/01/08 v3.1.5b (3.1.5b)

(/usr/share/texlive/texmf-dist/tex/generic/pgf/basiclayer/pgfcoreexternal.code.
tex
File: pgfcoreexternal.code.tex 2020/01/08 v3.1.5b (3.1.5b)
\pgfexternal@startupbox=\box69
))
(/usr/share/texlive/texmf-dist/tex/generic/pgf/basiclayer/pgfcorelayers.code.te
x
File: pgfcorelayers.code.tex 2020/01/08 v3.1.5b (3.1.5b)
)
(/usr/share/texlive/texmf-dist/tex/generic/pgf/basiclayer/pgfcoretransparency.c
ode.tex
File: pgfcoretransparency.code.tex 2020/01/08 v3.1.5b (3.1.5b)
)
(/usr/share/texlive/texmf-dist/tex/generic/pgf/basiclayer/pgfcorepatterns.code.
tex
File: pgfcorepatterns.code.tex 2020/01/08 v3.1.5b (3.1.5b)
)
(/usr/share/texlive/texmf-dist/tex/generic/pgf/basiclayer/pgfcorerdf.code.tex
File: pgfcorerdf.code.tex 2020/01/08 v3.1.5b (3.1.5b)
)))
(/usr/share/texlive/texmf-dist/tex/generic/pgf/modules/pgfmoduleshapes.code.tex
File: pgfmoduleshapes.code.tex 2020/01/08 v3.1.5b (3.1.5b)
\pgfnodeparttextbox=\box70
) (/usr/share/texlive/texmf-dist/tex/generic/pgf/modules/pgfmoduleplot.code.tex
File: pgfmoduleplot.code.tex 2020/01/08 v3.1.5b (3.1.5b)
)
(/usr/share/texlive/texmf-dist/tex/latex/pgf/compatibility/pgfcomp-version-0-65
.sty
Package: pgfcomp-version-0-65 2020/01/08 v3.1.5b (3.1.5b)
\pgf@nodesepstart=\dimen260
\pgf@nodesepend=\dimen261
)
(/usr/share/texlive/texmf-dist/tex/latex/pgf/compatibility/pgfcomp-version-1-18
.sty
Package: pgfcomp-version-1-18 2020/01/08 v3.1.5b (3.1.5b)
)) (/usr/share/texlive/texmf-dist/tex/latex/pgf/utilities/pgffor.sty
(/usr/share/texlive/texmf-dist/tex/latex/pgf/utilities/pgfkeys.sty
(/usr/share/texlive/texmf-dist/tex/generic/pgf/utilities/pgfkeys.code.tex))
(/usr/share/texlive/texmf-dist/tex/latex/pgf/math/pgfmath.sty
(/usr/share/texlive/texmf-dist/tex/generic/pgf/math/pgfmath.code.tex))
(/usr/share/texlive/texmf-dist/tex/generic/pgf/utilities/pgffor.code.tex
Package: pgffor 2020/01/08 v3.1.5b (3.1.5b)

(/usr/share/texlive/texmf-dist/tex/generic/pgf/math/pgfmath.code.tex)
\pgffor@iter=\dimen262
\pgffor@skip=\dimen263
\pgffor@stack=\toks31
\pgffor@toks=\toks32
))
(/usr/share/texlive/texmf-dist/tex/generic/pgf/frontendlayer/tikz/tikz.code.tex
Package: tikz 2020/01/08 v3.1.5b (3.1.5b)

(/usr/share/texlive/texmf-dist/tex/generic/pgf/libraries/pgflibraryplothandlers
.code.tex
File: pgflibraryplothandlers.code.tex 2020/01/08 v3.1.5b (3.1.5b)
\pgf@plot@mark@count=\count266
\pgfplotmarksize=\dimen264
)
\tikz@lastx=\dimen265
\tikz@lasty=\dimen266
\tikz@lastxsaved=\dimen267
\tikz@lastysaved=\dimen268
\tikz@lastmovetox=\dimen269
\tikz@lastmovetoy=\dimen270
\tikzleveldistance=\dimen271
\tikzsiblingdistance=\dimen272
\tikz@figbox=\box71
\tikz@figbox@bg=\box72
\tikz@tempbox=\box73
\tikz@tempbox@bg=\box74
\tikztreelevel=\count267
\tikznumberofchildren=\count268
\tikznumberofcurrentchild=\count269
\tikz@fig@count=\count270

(/usr/share/texlive/texmf-dist/tex/generic/pgf/modules/pgfmodulematrix.code.tex
File: pgfmodulematrix.code.tex 2020/01/08 v3.1.5b (3.1.5b)
\pgfmatrixcurrentrow=\count271
\pgfmatrixcurrentcolumn=\count272
\pgf@matrix@numberofcolumns=\count273
)
\tikz@expandcount=\count274

(/usr/share/texlive/texmf-dist/tex/generic/pgf/frontendlayer/tikz/libraries/tik
zlibrarytopaths.code.tex
File: tikzlibrarytopaths.code.tex 2020/01/08 v3.1.5b (3.1.5b)
)))
(/usr/share/texlive/texmf-dist/tex/generic/chemfig/chemfig.tex
(/usr/share/texlive/texmf-dist/tex/generic/simplekv/simplekv.tex)
(/usr/share/texlive/texmf-dist/tex/generic/pgf/libraries/pgflibraryarrows.meta.
code.tex
File: pgflibraryarrows.meta.code.tex 2020/01/08 v3.1.5b (3.1.5b)
\pgfarrowinset=\dimen273
\pgfarrowlength=\dimen274
\pgfarrowwidth=\dimen275
\pgfarrowlinewidth=\dimen276
)
\CF_cntatomgroup=\count275
\CF_cntgroup=\count276
\CF_cntatom=\count277
\CF_cntcycle=\count278
\CF_cntcompound=\count279
\CF_dim=\dimen277
\CF_arrowsize=\dimen278
\CF_zero=\dimen279
\CF_boxlewis=\box75
\CF_box=\box76
\CF_boxstuff=\box77
\CF_substtoks=\toks33
)
Package: chemfig 2019/05/21 v1.41 Draw molecule with an easy syntax (CT)
)
(/usr/share/texlive/texmf-dist/tex/latex/l3backend/l3backend-dvips.def
File: l3backend-dvips.def 2020-02-03 L3 backend support: dvips
\l__pdf_internal_box=\box78
\g__pdf_backend_object_int=\count280
\l__pdf_backend_content_box=\box79
\l__pdf_backend_model_box=\box80
\g__pdf_backend_annotation_int=\count281
\g__pdf_backend_link_int=\count282
\g__pdf_backend_link_sf_int=\count283
)
(./outputfile2.aux)
\openout1 = `outputfile2.aux'.

LaTeX Font Info:    Checking defaults for OML/cmm/m/it on input line 6.
LaTeX Font Info:    ... okay on input line 6.
LaTeX Font Info:    Checking defaults for OMS/cmsy/m/n on input line 6.
LaTeX Font Info:    ... okay on input line 6.
LaTeX Font Info:    Checking defaults for OT1/cmr/m/n on input line 6.
LaTeX Font Info:    ... okay on input line 6.
LaTeX Font Info:    Checking defaults for T1/cmr/m/n on input line 6.
LaTeX Font Info:    ... okay on input line 6.
LaTeX Font Info:    Checking defaults for TS1/cmr/m/n on input line 6.
LaTeX Font Info:    ... okay on input line 6.
LaTeX Font Info:    Checking defaults for OMX/cmex/m/n on input line 6.
LaTeX Font Info:    ... okay on input line 6.
LaTeX Font Info:    Checking defaults for U/cmr/m/n on input line 6.
LaTeX Font Info:    ... okay on input line 6.
LaTeX Font Info:    Checking defaults for JY1/mc/m/n on input line 6.
LaTeX Font Info:    ... okay on input line 6.
LaTeX Font Info:    Checking defaults for JT1/mc/m/n on input line 6.
LaTeX Font Info:    ... okay on input line 6.
 ABD: EveryShipout initializing macros
LaTeX Font Info:    Font shape `JT1/mc/m/n' will be
(Font)              scaled to size 16.60605pt on input line 10.
LaTeX Font Info:    Font shape `JY1/mc/m/n' will be
(Font)              scaled to size 16.60605pt on input line 10.
LaTeX Font Info:    Font shape `JT1/mc/m/n' will be
(Font)              scaled to size 11.53198pt on input line 10.
LaTeX Font Info:    Font shape `JY1/mc/m/n' will be
(Font)              scaled to size 11.53198pt on input line 10.
LaTeX Font Info:    Font shape `JY1/mc/m/n' will be
(Font)              scaled to size 5.76599pt on input line 10.
LaTeX Font Info:    Trying to load font information for U+msa on input line 10.


(/usr/share/texlive/texmf-dist/tex/latex/amsfonts/umsa.fd
File: umsa.fd 2013/01/14 v3.01 AMS symbols A
)
LaTeX Font Info:    Trying to load font information for U+msb on input line 10.


(/usr/share/texlive/texmf-dist/tex/latex/amsfonts/umsb.fd
File: umsb.fd 2013/01/14 v3.01 AMS symbols B
) [1

]
LaTeX Font Info:    Font shape `JT1/mc/m/n' will be
(Font)              scaled to size 13.83836pt on input line 57.
LaTeX Font Info:    Font shape `JY1/mc/m/n' will be
(Font)              scaled to size 13.83836pt on input line 57.
LaTeX Font Info:    Font shape `JT1/gt/m/n' will be
(Font)              scaled to size 13.83836pt on input line 63.
LaTeX Font Info:    Font shape `JY1/gt/m/n' will be
(Font)              scaled to size 13.83836pt on input line 63.
LaTeX Font Info:    Font shape `JY1/mc/m/n' will be
(Font)              scaled to size 6.72699pt on input line 86.
LaTeX Font Info:    Font shape `JY1/mc/m/n' will be
(Font)              scaled to size 4.805pt on input line 86.


Package amsmath Warning: Foreign command \over;
(amsmath)                \frac or \genfrac should be used instead
(amsmath)                 on input line 90.

[2] [3] [4] [5] [6] [7] [8] [9] [10] [11] [12] [13] [14] [15]
LaTeX Font Info:    Font shape `JT1/gt/m/n' will be
(Font)              scaled to size 11.53198pt on input line 592.
LaTeX Font Info:    Font shape `JY1/gt/m/n' will be
(Font)              scaled to size 11.53198pt on input line 592.
 [16] [17]
[18] [19] [20] [21] [22] [23] [24] [25] [26] [27] [28] [29] [30] [31] [32]
[33] [34] [35] [36] [37] [38] [39] [40] [41] [42] [43] [44] [45] [46] [47]
[48] [49]
Overfull \hbox (9.81396pt too wide) detected at line 1872
\OML/cmm/m/it/10 px \OT1/cmr/m/n/10 = \OML/cmm/m/it/10 mv; ^^U\OT1/cmr/m/n/10 (
\OML/cmm/m/it/10 x\OT1/cmr/m/n/10 ) = []\OML/cmm/m/it/10 f\OT1/cmr/m/n/10 (\OML
/cmm/m/it/10 x\OT1/cmr/m/n/10 )\OML/cmm/m/it/10 ; \OT1/cmr/m/n/10 [\OML/cmm/m/i
t/10 F\OT1/cmr/m/n/10 (\OML/cmm/m/it/10 x\OT1/cmr/m/n/10 )] = []\OML/cmm/m/it/1
0 ; \OT1/cmr/m/n/10 0 \OML/cmm/m/it/10 < [] ^^R < i; \OMS/cmsy/m/n/10 ^^@\OT1/c
mr/m/n/10 1 \OML/cmm/m/it/10 < [] ^^R < i; \OMS/cmsy/m/n/10 ^^@\OT1/cmr/m/n/10 
1 \OMS/cmsy/m/n/10 ^^T [] \OML/cmm/m/it/10 ^^R \OMS/cmsy/m/n/10 ^^T \OT1/cmr/m/
n/10 1\OML/cmm/m/it/10 ; \OMS/cmsy/m/n/10 ^^@\OT1/cmr/m/n/10 1 \OMS/cmsy/m/n/10
 ^^T [] \OML/cmm/m/it/10 ^^R \OMS/cmsy/m/n/10 ^^T \OT1/cmr/m/n/10 1
 []

[50] [51] [52] [53] [54] [55] [56] [57] [58] [59] [60]
Overfull \hbox (23.08348pt too wide) detected at line 2290
\OML/cmm/m/it/10 V\OT1/cmr/m/n/10 (\OML/cmm/m/it/10 ^^\\OT1/cmr/m/n/10 ) = [] [
] [] []\OML/cmm/m/it/10 dm; f\OT1/cmr/m/n/10 (\OML/cmm/m/it/10 r\OT1/cmr/m/n/10
 ) = [][] + \OML/cmm/m/it/10 mgf\OT1/cmr/m/n/10 (\OML/cmm/m/it/10 r\OT1/cmr/m/n
/10 )\OML/cmm/m/it/10 ; []\OT1/cmr/m/n/10 (\OML/cmm/m/it/10 x [] x\OT1/cmr/m/n/
10 ) \OMS/cmsy/m/n/10 ^^U \OT1/cmr/m/n/10 2(\OML/cmm/m/it/10 y [] y\OT1/cmr/m/n
/10 )[]\OML/cmm/m/it/10 ; F[] \OT1/cmr/m/n/10 = []\OML/cmm/m/it/10 g[]; []g[]\O
T1/cmr/m/n/10 (\OML/cmm/m/it/10 t\OT1/cmr/m/n/10 ) = \OMS/cmsy/m/n/10 ^^@\OT1/c
mr/m/n/10 2\OML/cmm/m/it/10 R[]
 []

[61] [62] [63] [64] [65] [66] [67] [68] [69] [70] [71] [72] [73] [74] [75]
LaTeX Font Info:    Font shape `JT1/gt/m/n' will be
(Font)              scaled to size 9.60999pt on input line 2949.
LaTeX Font Info:    Font shape `JY1/gt/m/n' will be
(Font)              scaled to size 9.60999pt on input line 2949.

[76]
Overfull \hbox (52.38972pt too wide) in paragraph at lines 3005--3005
 []  \OT1/cmtt/m/n/10 {\bigoplus M^{+}_{-} -> =: \nabla R^{+} \nabla C^{+}}-< [
construct_emerge_equation.built][] 
 []


Overfull \hbox (10.39009pt too wide) in paragraph at lines 3005--3005
 []      \OT1/cmtt/m/n/10 w.scan(equal.value) [ > [\nabla \int \int \nabla_{i}\
nabla_{j} f \circ g(x)]][] 
 []


Overfull \hbox (41.88982pt too wide) in paragraph at lines 3016--3016
 []\OT1/cmtt/m/n/10 {\bigoplus M^{+}_{-} -> =: \nabla R^{+} \nabla C^{+}}-< [co
nstruct_emerge_equation.built][] 
 []

[77]
Overfull \hbox (10.39009pt too wide) in paragraph at lines 3042--3042
 []      \OT1/cmtt/m/n/10 w.scan(equal.value) [ > [\nabla \int \int \nabla_{i}\
nabla_{j} f \circ g(x)]][] 
 []

[78]
Overfull \hbox (10.39009pt too wide) in paragraph at lines 3153--3153
 []    \OT1/cmtt/m/n/10 \nabla_{i}\nabla_{j} w.process.excluded :=> tuplespace[
process.excluded].reload[] 
 []


Overfull \hbox (47.13977pt too wide) in paragraph at lines 3153--3153
 []    \OT1/cmtt/m/n/10 {\exp[\int \int (R + \Delta f)^2 e^{-x \log x}dV}.emerg
e_equation.reality{|repository|[] 
 []


Overfull \hbox (47.13977pt too wide) in paragraph at lines 3153--3153
 []    \OT1/cmtt/m/n/10 {\imaginary.equation => e^{\cos \theta + i\sin \theta}}
 <=> Omega.DATABASE[tuplespace][] 
 []


Overfull \hbox (73.38954pt too wide) in paragraph at lines 3153--3153
 []    \OT1/cmtt/m/n/10 :=> [repository.scan(regexpt.pattern) { <=> btree.scan 
|array| <-> ultranetwork.attachment}[] 
 []


Overfull \hbox (26.13995pt too wide) in paragraph at lines 3168--3168
 []\OT1/cmtt/m/n/10 :=>, >> ==> ,<=> .emerge_equation.reality, .reload, .cognit
ive_system, .reload, .saved[] 
 []

[79]
Overfull \hbox (77.76971pt too wide) in paragraph at lines 3252--3252
 []\JY1/gt/m/n/10 オブジ ェクとして 、 リスト化したデ ータへ 、 以下の式たちを
入力させる 。 \OT1/cmtt/m/n/10 equation_manifolds.scan(value) |value| =[] 
 []

[80]
Overfull \hbox (36.63986pt too wide) in paragraph at lines 3581--3581
 []\OT1/cmtt/m/n/10 = { x^{{1 \over 2} + iy} = [f(x) \circ g(x), \bar{h}(x)]/ \
partial f\partial g\partial h[] 
 []


Overfull \hbox (5.14014pt too wide) in paragraph at lines 3581--3581
 []   \OT1/cmtt/m/n/10 \exists [\nabla_{i} \nabla_{j} (R + \Delta f), g(x)] = \
bigoplus_{k=0}^{\infty}[] 
 []


Overfull \hbox (5.14014pt too wide) in paragraph at lines 3581--3581
 [] \OT1/cmtt/m/n/10 \left({p \over c^3} \circ {V \over S}\right), x^{{1 \over 
2} + iy} = e^{x \log x}[] 
 []

[81] [82] [83] [84]
Overfull \hbox (36.63986pt too wide) in paragraph at lines 3581--3581
 []     \OT1/cmtt/m/n/10 \hbar\psi = {1 \over i} H \Psi, i[H,\psi] = - H \Psi, 
{\{f,g\} \over [f,g]} = (i)^2[] 
 []

[85]
Overfull \hbox (10.39009pt too wide) in paragraph at lines 3581--3581
 []     \OT1/cmtt/m/n/10 \sum_{k=0}^{\infty} Z \otimes Q^{+}_{-} = \bigotimes_{
k=0}^{\infty} \nabla M_1[] 
 []


Overfull \hbox (26.13995pt too wide) in paragraph at lines 3581--3581
 []  \OT1/cmtt/m/n/10 M^{+}_{-}\nabla C^{+}_{-}, C^{+}\nabla H_m, E^{+} \nabla 
R^{+}_{-}, E_2 \nabla E_1 $[] 
 []

[86]
Overfull \hbox (41.88982pt too wide) in paragraph at lines 3675--3675
 []                                               \OT1/cmtt/m/n/10 file.reloded
 => [asperal_language.rebuild][] 
 []

[87] [88] [89] [90]
Overfull \hbox (68.13959pt too wide) in paragraph at lines 3847--3847
 []                         \OT1/cmtt/m/n/10 d, int, cap,cup,ni,in,chi,oplus,ot
imes,bigoplus,bigotimes,d /over df,[] 
 []


Overfull \hbox (31.38991pt too wide) in paragraph at lines 3847--3847
 []            \OT1/cmtt/m/n/10 list.emerge => {asperal function >- pholograph_
data[] times repository_data[] 
 []

[91] [92]
Overfull \hbox (52.38972pt too wide) in paragraph at lines 3981--3981
 []\OT1/cmtt/m/n/10 DATABASE[tuplespace] -< {[ > aimed.compiler | aimed.interpr
eter] | btree.def.distributed >-[] 
 []


Overfull \hbox (41.88982pt too wide) in paragraph at lines 3981--3981
 []\OT1/cmtt/m/n/10 aimed[tuplespace] -< btree.class.hyperrout_ struct _ => Ome
ga::Database[tuplespace].value[] 
 []


Overfull \hbox (47.13977pt too wide) in paragraph at lines 3981--3981
 []  \OT1/cmtt/m/n/10 sheap_ union _ :aspective | -> Omega[tuplespace]: | aimed
[tuplespace].differented_review[] 
 []


Overfull \hbox (36.63986pt too wide) in paragraph at lines 3981--3981
 []\OT1/cmtt/m/n/10 aimed.different | aimed.stdout >> vale | key [ > cognitive_
system.loop.stdin] {|pattern|[] 
 []


Overfull \hbox (15.64005pt too wide) in paragraph at lines 3981--3981
 []                   \OT1/cmtt/m/n/10 => expression.iterator[def.first,def.sec
ond,def.third,def.fourth][] 
 []


Overfull \hbox (52.38972pt too wide) in paragraph at lines 3981--3981
 []                        \OT1/cmtt/m/n/10 def.cognitive_system |: -> DATABASE
[tuplespace] | aimed[tuplespace][] 
 []


Overfull \hbox (36.63986pt too wide) in paragraph at lines 3981--3981
 []   \OT1/cmtt/m/n/10 norm[Fx] -> . in for def.all_included < aimed[tuplespace
].each_scan([regexpt_pattern][] 
 []


Overfull \hbox (20.89pt too wide) in paragraph at lines 3981--3981
 []                                   \OT1/cmtt/m/n/10 finality : aimed[tuplesp
ace], DATABASE[tuplespace][] 
 []


Overfull \hbox (5.14014pt too wide) in paragraph at lines 3981--3981
 []                                       \OT1/cmtt/m/n/10 def.key | def,value 
=> [DATABASE].recompile[] 
 []


Overfull \hbox (31.38991pt too wide) in paragraph at lines 4041--4041
 [] \OT1/cmtt/m/n/10 def.iterator -> |klass,define_method,constant,variable,inf
inity_data : -> finite_data|[] 
 []

[93]
Overfull \hbox (31.38991pt too wide) in paragraph at lines 4041--4041
 []            \OT1/cmtt/m/n/10 _struct _ :aspective -> tuplespace :all_homolog
y_recreated :make menuconfig[] 
 []


Overfull \hbox (31.38991pt too wide) in paragraph at lines 4041--4041
 []                       \OT1/cmtt/m/n/10 {[e^{-f}[{2 \int (R + \nablaf^2) \ov
er -(R + \Delta f)}e^{-f}dV}[] 
 []

[94]
Overfull \hbox (152.13885pt too wide) in paragraph at lines 4067--4067
 []  \OT1/cmtt/m/n/10 Endire.interator -> {def < :Endire.element, -> def.means_
each{x -> expression.define.included[array.klass]}}[] 
 []


Overfull \hbox (173.13867pt too wide) in paragraph at lines 4067--4067
 []  \OT1/cmtt/m/n/10 array.each{[tuplespace] -> aimed[tuplespace] | OMEGA_DATA
BASE[tuplespace]}.excluded <-> array[def.key,def.value][] 
 []


Overfull \hbox (41.88982pt too wide) in paragraph at lines 4067--4067
 []  \OT1/cmtt/m/n/10 def.key <-> def.value => {x -> stdin | stdout |=> streem_
style <- def.each.klass.value}[] 
 []


Overfull \hbox (99.63931pt too wide) in paragraph at lines 4111--4111
 []       \OT1/cmtt/m/n/10 int streem_style : [ > [def.each{x -> stdin | stdout
 > display :xhost in XWin -multiwindow]]}[] 
 []


Overfull \hbox (68.13959pt too wide) in paragraph at lines 4111--4111
 []         \OT1/cmtt/m/n/10 Endire <- [ADD,EVEN,ODE,EXOR,XOR,DEL,DIFF,PARTIAL,
INT].included > struct _ :-> _union[] 
 []


Overfull \hbox (146.8889pt too wide) in paragraph at lines 4111--4111
 []\OT1/cmtt/m/n/10 @reviser : def.reconstructed.each{_union <-> _struct _.recr
eated} : [def.del - def.before_determined :method][] 
 []


Overfull \hbox (62.88963pt too wide) in paragraph at lines 4111--4111
 []                          \OT1/cmtt/m/n/10 ping localhost -> blidgebase <-> 
hostbase.virtualmachine.attachment[] 
 []


Overfull \hbox (20.89pt too wide) in paragraph at lines 4111--4111
 []                          \OT1/cmtt/m/n/10 } :connected -> networkrout : flo
w_to :localhost.attachment[] 
 []

[95]
Overfull \hbox (157.38881pt too wide) in paragraph at lines 4159--4159
 []\OT1/cmtt/m/n/10 @reviser : def.each{listmenu -> listlink | unlinklist > [de
veloped -> {def.key , def.value}.currentconditions]}[] 
 []


Overfull \hbox (78.6395pt too wide) in paragraph at lines 4159--4159
 []  \OT1/cmtt/m/n/10 FILE *fp -> cmd.value : cmd.key {fp |-> syncronized.file[
tuplespace] | aimed.file[tuplespace]}[] 
 []

[96] [97] [98]
LaTeX Font Info:    Font shape `JT1/mc/m/n' will be
(Font)              scaled to size 6.72699pt on input line 4320.
LaTeX Font Info:    Font shape `JT1/mc/m/n' will be
(Font)              scaled to size 4.805pt on input line 4320.
 [99] [100] [101] [102] [103] [104] [105] [106] [107] [108]
[109] [110] [111] [112] [113] [114] [115] [116] [117] [118] [119] [120]
[121] [122] [123] [124] [125] [126] [127] [128] [129] [130] [131] [132]
[133] [134] [135] [136] [137] [138] [139]
Overfull \hbox (23.67322pt too wide) detected at line 5811
[] \OT1/cmr/m/n/10 + [] + [] \OMS/cmsy/m/n/10 ! [] \OT1/cmr/m/n/10 + [] + []
 []


Overfull \hbox (14.22876pt too wide) detected at line 5818
[] \OT1/cmr/m/n/10 + [] + [] \OMS/cmsy/m/n/10 ! [] \OT1/cmr/m/n/10 + [] + []
 []

[140] [141] [142] [143] [144] [145] [146] [147] [148] [149] [150] [151]
[152] [153] [154] [155] [156] [157] [158] [159] [160] [161] [162] [163]
[164] [165] [166] [167] [168] [169] [170]
Overfull \hbox (24.40097pt too wide) detected at line 7136
[] \OT1/cmr/m/n/10 ^^@(\OML/cmm/m/it/10 ^^M\OT1/cmr/m/n/10 )[]\OML/cmm/m/it/10 
dx[] \OT1/cmr/m/n/10 = [][] = [][] \OMS/cmsy/m/n/10 ^^T [][] ^^T [][]
 []

[171] [172] [173] [174] [175] [176] [177] [178] [179] [180] [181] [182]
[183] [184]
Overfull \hbox (24.40097pt too wide) detected at line 7738
[] \OT1/cmr/m/n/10 ^^@(\OML/cmm/m/it/10 ^^M\OT1/cmr/m/n/10 )[]\OML/cmm/m/it/10 
dx[] \OT1/cmr/m/n/10 = [][] = [][] \OMS/cmsy/m/n/10 ^^T [][] ^^T [][]
 []

[185] [186] [187] [188] [189] [190] [191] [192] [193] [194] [195] [196]
[197] [198] [199] [200] [201] [202] [203] [204] [205] (./outputfile2.aux) )
(\end occurred inside a group at level 1)

### simple group (level 1) entered at line 2244 ({)
### bottom level 
Here is how much of TeX's memory you used:
 15096 strings out of 481768
 295532 string characters out of 5933620
 798818 words of memory out of 5000000
 30287 multiletter control sequences out of 15000+600000
 546834 words of font info for 93 fonts, out of 8000000 for 9000
 934 hyphenation exceptions out of 8191
 68i,14n,89p,708b,1192s stack positions out of 5000i,500n,10000p,200000b,80000s

Output written on outputfile2.dvi (205 pages, 1409172 bytes).
